Test run for C:\WORK\Contracts - RASCORE\Applications\rascor-management\tests\Rascor.Tests.Integration\bin\Debug\net9.0\Rascor.Tests.Integration.dll (.NETCoreApp,Version=v9.0)
VSTest version 17.14.1 (x64)

Starting test execution, please wait...
A total of 1 test files matched the specified pattern.
[xUnit.net 00:00:13.80]     Rascor.Tests.Integration.ToolboxTalks.SchedulingTests.ProcessSchedule_CreatesScheduledTalks [FAIL]
[xUnit.net 00:00:13.86]     Rascor.Tests.Integration.ToolboxTalks.SchedulingTests.GetScheduleById_ExistingSchedule_ReturnsSchedule [FAIL]
[xUnit.net 00:00:13.89]     Rascor.Tests.Integration.ToolboxTalks.SchedulingTests.CreateSchedule_ForSpecificEmployees_CreatesAssignments [FAIL]
[xUnit.net 00:00:13.93]     Rascor.Tests.Integration.ToolboxTalks.SchedulingTests.ProcessSchedule_RecurringWeekly_SetsNextRunDate [FAIL]
[xUnit.net 00:00:14.05]     Rascor.Tests.Integration.ToolboxTalks.SchedulingTests.UpdateSchedule_ModifyNotes_ReturnsOk [FAIL]
[xUnit.net 00:00:14.08]     Rascor.Tests.Integration.ToolboxTalks.SchedulingTests.CreateSchedule_ForAllEmployees_CreatesScheduleWithFlag [FAIL]
  Failed Rascor.Tests.Integration.ToolboxTalks.SchedulingTests.ProcessSchedule_CreatesScheduledTalks [118 ms]
  Error Message:
   Expected response.StatusCode to be HttpStatusCode.OK {value: 200}, but found HttpStatusCode.BadRequest {value: 400}.
  Stack Trace:
     at FluentAssertions.Execution.XUnit2TestFramework.Throw(String message)
   at FluentAssertions.Execution.TestFrameworkProvider.Throw(String message)
   at FluentAssertions.Execution.DefaultAssertionStrategy.HandleFailure(String message)
   at FluentAssertions.Execution.AssertionScope.FailWith(Func`1 failReasonFunc)
   at FluentAssertions.Execution.AssertionScope.FailWith(Func`1 failReasonFunc)
   at FluentAssertions.Execution.AssertionScope.FailWith(String message, Object[] args)
   at FluentAssertions.Primitives.EnumAssertions`2.Be(TEnum expected, String because, Object[] becauseArgs)
   at Rascor.Tests.Integration.ToolboxTalks.SchedulingTests.ProcessSchedule_CreatesScheduledTalks() in C:\WORK\Contracts - RASCORE\Applications\rascor-management\tests\Rascor.Tests.Integration\ToolboxTalks\SchedulingTests.cs:line 281
--- End of stack trace from previous location ---
  Failed Rascor.Tests.Integration.ToolboxTalks.SchedulingTests.GetScheduleById_ExistingSchedule_ReturnsSchedule [61 ms]
  Error Message:
   Expected response.StatusCode to be HttpStatusCode.OK {value: 200}, but found HttpStatusCode.NotFound {value: 404}.
  Stack Trace:
     at FluentAssertions.Execution.XUnit2TestFramework.Throw(String message)
   at FluentAssertions.Execution.TestFrameworkProvider.Throw(String message)
   at FluentAssertions.Execution.DefaultAssertionStrategy.HandleFailure(String message)
   at FluentAssertions.Execution.AssertionScope.FailWith(Func`1 failReasonFunc)
   at FluentAssertions.Execution.AssertionScope.FailWith(Func`1 failReasonFunc)
   at FluentAssertions.Execution.AssertionScope.FailWith(String message, Object[] args)
   at FluentAssertions.Primitives.EnumAssertions`2.Be(TEnum expected, String because, Object[] becauseArgs)
   at Rascor.Tests.Integration.ToolboxTalks.SchedulingTests.GetScheduleById_ExistingSchedule_ReturnsSchedule() in C:\WORK\Contracts - RASCORE\Applications\rascor-management\tests\Rascor.Tests.Integration\ToolboxTalks\SchedulingTests.cs:line 226
--- End of stack trace from previous location ---
  Failed Rascor.Tests.Integration.ToolboxTalks.SchedulingTests.CreateSchedule_ForSpecificEmployees_CreatesAssignments [24 ms]
  Error Message:
   Expected response.StatusCode to be HttpStatusCode.Created {value: 201}, but found HttpStatusCode.InternalServerError {value: 500}.
  Stack Trace:
     at FluentAssertions.Execution.XUnit2TestFramework.Throw(String message)
   at FluentAssertions.Execution.TestFrameworkProvider.Throw(String message)
   at FluentAssertions.Execution.DefaultAssertionStrategy.HandleFailure(String message)
   at FluentAssertions.Execution.AssertionScope.FailWith(Func`1 failReasonFunc)
   at FluentAssertions.Execution.AssertionScope.FailWith(Func`1 failReasonFunc)
   at FluentAssertions.Execution.AssertionScope.FailWith(String message, Object[] args)
   at FluentAssertions.Primitives.EnumAssertions`2.Be(TEnum expected, String because, Object[] becauseArgs)
   at Rascor.Tests.Integration.ToolboxTalks.SchedulingTests.CreateSchedule_ForSpecificEmployees_CreatesAssignments() in C:\WORK\Contracts - RASCORE\Applications\rascor-management\tests\Rascor.Tests.Integration\ToolboxTalks\SchedulingTests.cs:line 38
--- End of stack trace from previous location ---
  Failed Rascor.Tests.Integration.ToolboxTalks.SchedulingTests.ProcessSchedule_RecurringWeekly_SetsNextRunDate [35 ms]
  Error Message:
   Expected response.StatusCode to be HttpStatusCode.OK {value: 200}, but found HttpStatusCode.BadRequest {value: 400}.
  Stack Trace:
     at FluentAssertions.Execution.XUnit2TestFramework.Throw(String message)
   at FluentAssertions.Execution.TestFrameworkProvider.Throw(String message)
   at FluentAssertions.Execution.DefaultAssertionStrategy.HandleFailure(String message)
   at FluentAssertions.Execution.AssertionScope.FailWith(Func`1 failReasonFunc)
   at FluentAssertions.Execution.AssertionScope.FailWith(Func`1 failReasonFunc)
   at FluentAssertions.Execution.AssertionScope.FailWith(String message, Object[] args)
   at FluentAssertions.Primitives.EnumAssertions`2.Be(TEnum expected, String because, Object[] becauseArgs)
   at Rascor.Tests.Integration.ToolboxTalks.SchedulingTests.ProcessSchedule_RecurringWeekly_SetsNextRunDate() in C:\WORK\Contracts - RASCORE\Applications\rascor-management\tests\Rascor.Tests.Integration\ToolboxTalks\SchedulingTests.cs:line 309
--- End of stack trace from previous location ---
  Failed Rascor.Tests.Integration.ToolboxTalks.SchedulingTests.UpdateSchedule_ModifyNotes_ReturnsOk [84 ms]
  Error Message:
   Expected response.StatusCode to be HttpStatusCode.OK {value: 200}, but found HttpStatusCode.NotFound {value: 404}.
  Stack Trace:
     at FluentAssertions.Execution.XUnit2TestFramework.Throw(String message)
   at FluentAssertions.Execution.TestFrameworkProvider.Throw(String message)
   at FluentAssertions.Execution.DefaultAssertionStrategy.HandleFailure(String message)
   at FluentAssertions.Execution.AssertionScope.FailWith(Func`1 failReasonFunc)
   at FluentAssertions.Execution.AssertionScope.FailWith(Func`1 failReasonFunc)
   at FluentAssertions.Execution.AssertionScope.FailWith(String message, Object[] args)
   at FluentAssertions.Primitives.EnumAssertions`2.Be(TEnum expected, String because, Object[] becauseArgs)
   at Rascor.Tests.Integration.ToolboxTalks.SchedulingTests.UpdateSchedule_ModifyNotes_ReturnsOk() in C:\WORK\Contracts - RASCORE\Applications\rascor-management\tests\Rascor.Tests.Integration\ToolboxTalks\SchedulingTests.cs:line 430
--- End of stack trace from previous location ---
  Failed Rascor.Tests.Integration.ToolboxTalks.SchedulingTests.CreateSchedule_ForAllEmployees_CreatesScheduleWithFlag [30 ms]
  Error Message:
   Expected response.StatusCode to be HttpStatusCode.Created {value: 201}, but found HttpStatusCode.InternalServerError {value: 500}.
  Stack Trace:
     at FluentAssertions.Execution.XUnit2TestFramework.Throw(String message)
   at FluentAssertions.Execution.TestFrameworkProvider.Throw(String message)
   at FluentAssertions.Execution.DefaultAssertionStrategy.HandleFailure(String message)
   at FluentAssertions.Execution.AssertionScope.FailWith(Func`1 failReasonFunc)
   at FluentAssertions.Execution.AssertionScope.FailWith(Func`1 failReasonFunc)
   at FluentAssertions.Execution.AssertionScope.FailWith(String message, Object[] args)
   at FluentAssertions.Primitives.EnumAssertions`2.Be(TEnum expected, String because, Object[] becauseArgs)
   at Rascor.Tests.Integration.ToolboxTalks.SchedulingTests.CreateSchedule_ForAllEmployees_CreatesScheduleWithFlag() in C:\WORK\Contracts - RASCORE\Applications\rascor-management\tests\Rascor.Tests.Integration\ToolboxTalks\SchedulingTests.cs:line 67
--- End of stack trace from previous location ---
[xUnit.net 00:00:14.13]     Rascor.Tests.Integration.ToolboxTalks.SchedulingTests.CreateSchedule_RecurringWeekly_SetsFrequencyAndEndDate [FAIL]
[xUnit.net 00:00:14.16]     Rascor.Tests.Integration.ToolboxTalks.SchedulingTests.ProcessSchedule_OneTimeSchedule_CompletesSchedule [FAIL]
[xUnit.net 00:00:14.20]     Rascor.Tests.Integration.ToolboxTalks.SchedulingTests.CancelSchedule_ActiveSchedule_ReturnsNoContent [FAIL]
[xUnit.net 00:00:14.23]     Rascor.Tests.Integration.ToolboxTalks.SchedulingTests.CreateSchedule_RecurringMonthly_SetsCorrectFrequency [FAIL]
  Failed Rascor.Tests.Integration.ToolboxTalks.SchedulingTests.CreateSchedule_RecurringWeekly_SetsFrequencyAndEndDate [20 ms]
  Error Message:
   Expected response.StatusCode to be HttpStatusCode.Created {value: 201}, but found HttpStatusCode.InternalServerError {value: 500}.
  Stack Trace:
     at FluentAssertions.Execution.XUnit2TestFramework.Throw(String message)
   at FluentAssertions.Execution.TestFrameworkProvider.Throw(String message)
   at FluentAssertions.Execution.DefaultAssertionStrategy.HandleFailure(String message)
   at FluentAssertions.Execution.AssertionScope.FailWith(Func`1 failReasonFunc)
   at FluentAssertions.Execution.AssertionScope.FailWith(Func`1 failReasonFunc)
   at FluentAssertions.Execution.AssertionScope.FailWith(String message, Object[] args)
   at FluentAssertions.Primitives.EnumAssertions`2.Be(TEnum expected, String because, Object[] becauseArgs)
   at Rascor.Tests.Integration.ToolboxTalks.SchedulingTests.CreateSchedule_RecurringWeekly_SetsFrequencyAndEndDate() in C:\WORK\Contracts - RASCORE\Applications\rascor-management\tests\Rascor.Tests.Integration\ToolboxTalks\SchedulingTests.cs:line 95
--- End of stack trace from previous location ---
  Failed Rascor.Tests.Integration.ToolboxTalks.SchedulingTests.ProcessSchedule_OneTimeSchedule_CompletesSchedule [25 ms]
  Error Message:
   Expected response.StatusCode to be HttpStatusCode.OK {value: 200}, but found HttpStatusCode.BadRequest {value: 400}.
  Stack Trace:
     at FluentAssertions.Execution.XUnit2TestFramework.Throw(String message)
   at FluentAssertions.Execution.TestFrameworkProvider.Throw(String message)
   at FluentAssertions.Execution.DefaultAssertionStrategy.HandleFailure(String message)
   at FluentAssertions.Execution.AssertionScope.FailWith(Func`1 failReasonFunc)
   at FluentAssertions.Execution.AssertionScope.FailWith(Func`1 failReasonFunc)
   at FluentAssertions.Execution.AssertionScope.FailWith(String message, Object[] args)
   at FluentAssertions.Primitives.EnumAssertions`2.Be(TEnum expected, String because, Object[] becauseArgs)
   at Rascor.Tests.Integration.ToolboxTalks.SchedulingTests.ProcessSchedule_OneTimeSchedule_CompletesSchedule() in C:\WORK\Contracts - RASCORE\Applications\rascor-management\tests\Rascor.Tests.Integration\ToolboxTalks\SchedulingTests.cs:line 335
--- End of stack trace from previous location ---
  Failed Rascor.Tests.Integration.ToolboxTalks.SchedulingTests.CancelSchedule_ActiveSchedule_ReturnsNoContent [28 ms]
  Error Message:
   Expected response.StatusCode to be HttpStatusCode.NoContent {value: 204}, but found HttpStatusCode.BadRequest {value: 400}.
  Stack Trace:
     at FluentAssertions.Execution.XUnit2TestFramework.Throw(String message)
   at FluentAssertions.Execution.TestFrameworkProvider.Throw(String message)
   at FluentAssertions.Execution.DefaultAssertionStrategy.HandleFailure(String message)
   at FluentAssertions.Execution.AssertionScope.FailWith(Func`1 failReasonFunc)
   at FluentAssertions.Execution.AssertionScope.FailWith(Func`1 failReasonFunc)
   at FluentAssertions.Execution.AssertionScope.FailWith(String message, Object[] args)
   at FluentAssertions.Primitives.EnumAssertions`2.Be(TEnum expected, String because, Object[] becauseArgs)
   at Rascor.Tests.Integration.ToolboxTalks.SchedulingTests.CancelSchedule_ActiveSchedule_ReturnsNoContent() in C:\WORK\Contracts - RASCORE\Applications\rascor-management\tests\Rascor.Tests.Integration\ToolboxTalks\SchedulingTests.cs:line 377
--- End of stack trace from previous location ---
  Failed Rascor.Tests.Integration.ToolboxTalks.SchedulingTests.CreateSchedule_RecurringMonthly_SetsCorrectFrequency [18 ms]
  Error Message:
   Expected response.StatusCode to be HttpStatusCode.Created {value: 201}, but found HttpStatusCode.InternalServerError {value: 500}.
  Stack Trace:
     at FluentAssertions.Execution.XUnit2TestFramework.Throw(String message)
   at FluentAssertions.Execution.TestFrameworkProvider.Throw(String message)
   at FluentAssertions.Execution.DefaultAssertionStrategy.HandleFailure(String message)
   at FluentAssertions.Execution.AssertionScope.FailWith(Func`1 failReasonFunc)
   at FluentAssertions.Execution.AssertionScope.FailWith(Func`1 failReasonFunc)
   at FluentAssertions.Execution.AssertionScope.FailWith(String message, Object[] args)
   at FluentAssertions.Primitives.EnumAssertions`2.Be(TEnum expected, String because, Object[] becauseArgs)
   at Rascor.Tests.Integration.ToolboxTalks.SchedulingTests.CreateSchedule_RecurringMonthly_SetsCorrectFrequency() in C:\WORK\Contracts - RASCORE\Applications\rascor-management\tests\Rascor.Tests.Integration\ToolboxTalks\SchedulingTests.cs:line 124
--- End of stack trace from previous location ---
[xUnit.net 00:00:14.45]     Rascor.Tests.Integration.ToolboxTalks.ToolboxTalkCrudTests.DeleteToolboxTalk_NonExistingTalk_ReturnsNotFound [FAIL]
[xUnit.net 00:00:14.46]     Rascor.Tests.Integration.ToolboxTalks.ToolboxTalkCrudTests.UpdateToolboxTalk_NonExistingTalk_ReturnsNotFound [FAIL]
  Failed Rascor.Tests.Integration.ToolboxTalks.ToolboxTalkCrudTests.DeleteToolboxTalk_NonExistingTalk_ReturnsNotFound [10 ms]
  Error Message:
   Expected response.StatusCode to be HttpStatusCode.NotFound {value: 404}, but found HttpStatusCode.InternalServerError {value: 500}.
  Stack Trace:
     at FluentAssertions.Execution.XUnit2TestFramework.Throw(String message)
   at FluentAssertions.Execution.TestFrameworkProvider.Throw(String message)
   at FluentAssertions.Execution.DefaultAssertionStrategy.HandleFailure(String message)
   at FluentAssertions.Execution.AssertionScope.FailWith(Func`1 failReasonFunc)
   at FluentAssertions.Execution.AssertionScope.FailWith(Func`1 failReasonFunc)
   at FluentAssertions.Execution.AssertionScope.FailWith(String message, Object[] args)
   at FluentAssertions.Primitives.EnumAssertions`2.Be(TEnum expected, String because, Object[] becauseArgs)
   at Rascor.Tests.Integration.ToolboxTalks.ToolboxTalkCrudTests.DeleteToolboxTalk_NonExistingTalk_ReturnsNotFound() in C:\WORK\Contracts - RASCORE\Applications\rascor-management\tests\Rascor.Tests.Integration\ToolboxTalks\ToolboxTalkCrudTests.cs:line 415
--- End of stack trace from previous location ---
  Failed Rascor.Tests.Integration.ToolboxTalks.ToolboxTalkCrudTests.UpdateToolboxTalk_NonExistingTalk_ReturnsNotFound [12 ms]
  Error Message:
   Expected response.StatusCode to be HttpStatusCode.NotFound {value: 404}, but found HttpStatusCode.InternalServerError {value: 500}.
  Stack Trace:
     at FluentAssertions.Execution.XUnit2TestFramework.Throw(String message)
   at FluentAssertions.Execution.TestFrameworkProvider.Throw(String message)
   at FluentAssertions.Execution.DefaultAssertionStrategy.HandleFailure(String message)
   at FluentAssertions.Execution.AssertionScope.FailWith(Func`1 failReasonFunc)
   at FluentAssertions.Execution.AssertionScope.FailWith(Func`1 failReasonFunc)
   at FluentAssertions.Execution.AssertionScope.FailWith(String message, Object[] args)
   at FluentAssertions.Primitives.EnumAssertions`2.Be(TEnum expected, String because, Object[] becauseArgs)
   at Rascor.Tests.Integration.ToolboxTalks.ToolboxTalkCrudTests.UpdateToolboxTalk_NonExistingTalk_ReturnsNotFound() in C:\WORK\Contracts - RASCORE\Applications\rascor-management\tests\Rascor.Tests.Integration\ToolboxTalks\ToolboxTalkCrudTests.cs:line 367
--- End of stack trace from previous location ---
[xUnit.net 00:00:15.15]     Rascor.Tests.Integration.StockManagement.GoodsReceiptTests.CreateGoodsReceipt_WithBayLocation_StoresLocation [FAIL]
  Failed Rascor.Tests.Integration.StockManagement.GoodsReceiptTests.CreateGoodsReceipt_WithBayLocation_StoresLocation [36 ms]
  Error Message:
   Expected response.StatusCode to be HttpStatusCode.Created {value: 201}, but found HttpStatusCode.BadRequest {value: 400}.
  Stack Trace:
     at FluentAssertions.Execution.XUnit2TestFramework.Throw(String message)
   at FluentAssertions.Execution.TestFrameworkProvider.Throw(String message)
   at FluentAssertions.Execution.DefaultAssertionStrategy.HandleFailure(String message)
   at FluentAssertions.Execution.AssertionScope.FailWith(Func`1 failReasonFunc)
   at FluentAssertions.Execution.AssertionScope.FailWith(Func`1 failReasonFunc)
   at FluentAssertions.Execution.AssertionScope.FailWith(String message, Object[] args)
   at FluentAssertions.Primitives.EnumAssertions`2.Be(TEnum expected, String because, Object[] becauseArgs)
   at Rascor.Tests.Integration.StockManagement.GoodsReceiptTests.CreateGoodsReceipt_WithBayLocation_StoresLocation() in C:\WORK\Contracts - RASCORE\Applications\rascor-management\tests\Rascor.Tests.Integration\StockManagement\GoodsReceiptTests.cs:line 197
--- End of stack trace from previous location ---
[xUnit.net 00:00:15.38]     Rascor.Tests.Integration.StockManagement.GoodsReceiptTests.CreateGoodsReceipt_WithoutPO_ReturnsCreated [FAIL]
[xUnit.net 00:00:15.42]     Rascor.Tests.Integration.StockManagement.GoodsReceiptTests.GetGoodsReceiptById_ExistingGRN_ReturnsGRNWithLines [FAIL]
  Failed Rascor.Tests.Integration.StockManagement.GoodsReceiptTests.CreateGoodsReceipt_WithoutPO_ReturnsCreated [30 ms]
  Error Message:
   Expected response.StatusCode to be HttpStatusCode.Created {value: 201}, but found HttpStatusCode.BadRequest {value: 400}.
  Stack Trace:
     at FluentAssertions.Execution.XUnit2TestFramework.Throw(String message)
   at FluentAssertions.Execution.TestFrameworkProvider.Throw(String message)
   at FluentAssertions.Execution.DefaultAssertionStrategy.HandleFailure(String message)
   at FluentAssertions.Execution.AssertionScope.FailWith(Func`1 failReasonFunc)
   at FluentAssertions.Execution.AssertionScope.FailWith(Func`1 failReasonFunc)
   at FluentAssertions.Execution.AssertionScope.FailWith(String message, Object[] args)
   at FluentAssertions.Primitives.EnumAssertions`2.Be(TEnum expected, String because, Object[] becauseArgs)
   at Rascor.Tests.Integration.StockManagement.GoodsReceiptTests.CreateGoodsReceipt_WithoutPO_ReturnsCreated() in C:\WORK\Contracts - RASCORE\Applications\rascor-management\tests\Rascor.Tests.Integration\StockManagement\GoodsReceiptTests.cs:line 122
--- End of stack trace from previous location ---
  Failed Rascor.Tests.Integration.StockManagement.GoodsReceiptTests.GetGoodsReceiptById_ExistingGRN_ReturnsGRNWithLines [33 ms]
  Error Message:
   System.Net.Http.HttpRequestException : Response status code does not indicate success: 400 (Bad Request).
  Stack Trace:
     at System.Net.Http.HttpResponseMessage.EnsureSuccessStatusCode()
   at Rascor.Tests.Integration.StockManagement.GoodsReceiptTests.CreateGoodsReceiptAsync() in C:\WORK\Contracts - RASCORE\Applications\rascor-management\tests\Rascor.Tests.Integration\StockManagement\GoodsReceiptTests.cs:line 459
   at Rascor.Tests.Integration.StockManagement.GoodsReceiptTests.GetGoodsReceiptById_ExistingGRN_ReturnsGRNWithLines() in C:\WORK\Contracts - RASCORE\Applications\rascor-management\tests\Rascor.Tests.Integration\StockManagement\GoodsReceiptTests.cs:line 34
--- End of stack trace from previous location ---
[xUnit.net 00:00:15.87]     Rascor.Tests.Integration.StockManagement.PurchaseOrderTests.UpdatePurchaseOrder_DraftStatus_ReturnsOk [FAIL]
  Failed Rascor.Tests.Integration.StockManagement.PurchaseOrderTests.UpdatePurchaseOrder_DraftStatus_ReturnsOk [38 ms]
  Error Message:
   Expected result.Data!.SupplierId to be {aaaaaaaa-0005-0001-0001-000000000002}, but found {aaaaaaaa-0005-0001-0001-000000000001}.
  Stack Trace:
     at FluentAssertions.Execution.XUnit2TestFramework.Throw(String message)
   at FluentAssertions.Execution.TestFrameworkProvider.Throw(String message)
   at FluentAssertions.Execution.DefaultAssertionStrategy.HandleFailure(String message)
   at FluentAssertions.Execution.AssertionScope.FailWith(Func`1 failReasonFunc)
   at FluentAssertions.Execution.AssertionScope.FailWith(Func`1 failReasonFunc)
   at FluentAssertions.Execution.AssertionScope.FailWith(String message, Object[] args)
   at FluentAssertions.Primitives.GuidAssertions`1.Be(Guid expected, String because, Object[] becauseArgs)
   at Rascor.Tests.Integration.StockManagement.PurchaseOrderTests.UpdatePurchaseOrder_DraftStatus_ReturnsOk() in C:\WORK\Contracts - RASCORE\Applications\rascor-management\tests\Rascor.Tests.Integration\StockManagement\PurchaseOrderTests.cs:line 233
--- End of stack trace from previous location ---
[xUnit.net 00:00:16.26]     Rascor.Tests.Integration.StockManagement.PurchaseOrderTests.CreatePurchaseOrder_CalculatesTotalsCorrectly [FAIL]
  Failed Rascor.Tests.Integration.StockManagement.PurchaseOrderTests.CreatePurchaseOrder_CalculatesTotalsCorrectly [24 ms]
  Error Message:
   Expected result!.Data!.OrderTotal to be 390.00M, but found 0M (difference of -390.00).
  Stack Trace:
     at FluentAssertions.Execution.XUnit2TestFramework.Throw(String message)
   at FluentAssertions.Execution.TestFrameworkProvider.Throw(String message)
   at FluentAssertions.Execution.DefaultAssertionStrategy.HandleFailure(String message)
   at FluentAssertions.Execution.AssertionScope.FailWith(Func`1 failReasonFunc)
   at FluentAssertions.Execution.AssertionScope.FailWith(Func`1 failReasonFunc)
   at FluentAssertions.Execution.AssertionScope.FailWith(String message, Object[] args)
   at FluentAssertions.Numeric.NumericAssertions`2.Be(T expected, String because, Object[] becauseArgs)
   at Rascor.Tests.Integration.StockManagement.PurchaseOrderTests.CreatePurchaseOrder_CalculatesTotalsCorrectly() in C:\WORK\Contracts - RASCORE\Applications\rascor-management\tests\Rascor.Tests.Integration\StockManagement\PurchaseOrderTests.cs:line 426
--- End of stack trace from previous location ---
[xUnit.net 00:00:16.50]     Rascor.Tests.Integration.StockManagement.StockOrderWorkflowTests.ApproveStockOrder_FromPendingApproval_ChangesStatusToApproved [FAIL]
[xUnit.net 00:00:16.52]     Rascor.Tests.Integration.StockManagement.StockOrderWorkflowTests.SubmitStockOrder_AlreadySubmitted_ReturnsBadRequest [FAIL]
[xUnit.net 00:00:16.54]     Rascor.Tests.Integration.StockManagement.StockOrderWorkflowTests.CancelStockOrder_FromDraft_ChangesStatusToCancelled [FAIL]
[xUnit.net 00:00:16.59]     Rascor.Tests.Integration.StockManagement.StockOrderWorkflowTests.ApproveStockOrder_FromDraft_ReturnsBadRequest [FAIL]
[xUnit.net 00:00:16.64]     Rascor.Tests.Integration.StockManagement.StockOrderWorkflowTests.RejectStockOrder_FromPendingApproval_ChangesStatusToRejected [FAIL]
[xUnit.net 00:00:16.66]     Rascor.Tests.Integration.StockManagement.StockOrderWorkflowTests.DeleteStockOrder_ApprovedOrder_ReturnsBadRequest [FAIL]
[xUnit.net 00:00:16.68]     Rascor.Tests.Integration.StockManagement.StockOrderWorkflowTests.ReadyForCollection_FromApproved_ChangesStatusToReadyForCollection [FAIL]
  Failed Rascor.Tests.Integration.StockManagement.StockOrderWorkflowTests.ApproveStockOrder_FromPendingApproval_ChangesStatusToApproved [28 ms]
  Error Message:
   System.Net.Http.HttpRequestException : Response status code does not indicate success: 400 (Bad Request).
  Stack Trace:
     at System.Net.Http.HttpResponseMessage.EnsureSuccessStatusCode()
   at Rascor.Tests.Integration.StockManagement.StockOrderWorkflowTests.CreateDraftStockOrderAsync() in C:\WORK\Contracts - RASCORE\Applications\rascor-management\tests\Rascor.Tests.Integration\StockManagement\StockOrderWorkflowTests.cs:line 539
   at Rascor.Tests.Integration.StockManagement.StockOrderWorkflowTests.ApproveStockOrder_FromPendingApproval_ChangesStatusToApproved() in C:\WORK\Contracts - RASCORE\Applications\rascor-management\tests\Rascor.Tests.Integration\StockManagement\StockOrderWorkflowTests.cs:line 218
--- End of stack trace from previous location ---
  Failed Rascor.Tests.Integration.StockManagement.StockOrderWorkflowTests.SubmitStockOrder_AlreadySubmitted_ReturnsBadRequest [21 ms]
  Error Message:
   System.Net.Http.HttpRequestException : Response status code does not indicate success: 400 (Bad Request).
  Stack Trace:
     at System.Net.Http.HttpResponseMessage.EnsureSuccessStatusCode()
   at Rascor.Tests.Integration.StockManagement.StockOrderWorkflowTests.CreateDraftStockOrderAsync() in C:\WORK\Contracts - RASCORE\Applications\rascor-management\tests\Rascor.Tests.Integration\StockManagement\StockOrderWorkflowTests.cs:line 539
   at Rascor.Tests.Integration.StockManagement.StockOrderWorkflowTests.SubmitStockOrder_AlreadySubmitted_ReturnsBadRequest() in C:\WORK\Contracts - RASCORE\Applications\rascor-management\tests\Rascor.Tests.Integration\StockManagement\StockOrderWorkflowTests.cs:line 200
--- End of stack trace from previous location ---
  Failed Rascor.Tests.Integration.StockManagement.StockOrderWorkflowTests.CancelStockOrder_FromDraft_ChangesStatusToCancelled [17 ms]
  Error Message:
   System.Net.Http.HttpRequestException : Response status code does not indicate success: 400 (Bad Request).
  Stack Trace:
     at System.Net.Http.HttpResponseMessage.EnsureSuccessStatusCode()
   at Rascor.Tests.Integration.StockManagement.StockOrderWorkflowTests.CreateDraftStockOrderAsync() in C:\WORK\Contracts - RASCORE\Applications\rascor-management\tests\Rascor.Tests.Integration\StockManagement\StockOrderWorkflowTests.cs:line 539
   at Rascor.Tests.Integration.StockManagement.StockOrderWorkflowTests.CancelStockOrder_FromDraft_ChangesStatusToCancelled() in C:\WORK\Contracts - RASCORE\Applications\rascor-management\tests\Rascor.Tests.Integration\StockManagement\StockOrderWorkflowTests.cs:line 367
--- End of stack trace from previous location ---
  Failed Rascor.Tests.Integration.StockManagement.StockOrderWorkflowTests.ApproveStockOrder_FromDraft_ReturnsBadRequest [18 ms]
  Error Message:
   System.Net.Http.HttpRequestException : Response status code does not indicate success: 400 (Bad Request).
  Stack Trace:
     at System.Net.Http.HttpResponseMessage.EnsureSuccessStatusCode()
   at Rascor.Tests.Integration.StockManagement.StockOrderWorkflowTests.CreateDraftStockOrderAsync() in C:\WORK\Contracts - RASCORE\Applications\rascor-management\tests\Rascor.Tests.Integration\StockManagement\StockOrderWorkflowTests.cs:line 539
   at Rascor.Tests.Integration.StockManagement.StockOrderWorkflowTests.ApproveStockOrder_FromDraft_ReturnsBadRequest() in C:\WORK\Contracts - RASCORE\Applications\rascor-management\tests\Rascor.Tests.Integration\StockManagement\StockOrderWorkflowTests.cs:line 244
--- End of stack trace from previous location ---
  Failed Rascor.Tests.Integration.StockManagement.StockOrderWorkflowTests.RejectStockOrder_FromPendingApproval_ChangesStatusToRejected [16 ms]
  Error Message:
   System.Net.Http.HttpRequestException : Response status code does not indicate success: 400 (Bad Request).
  Stack Trace:
     at System.Net.Http.HttpResponseMessage.EnsureSuccessStatusCode()
   at Rascor.Tests.Integration.StockManagement.StockOrderWorkflowTests.CreateDraftStockOrderAsync() in C:\WORK\Contracts - RASCORE\Applications\rascor-management\tests\Rascor.Tests.Integration\StockManagement\StockOrderWorkflowTests.cs:line 539
   at Rascor.Tests.Integration.StockManagement.StockOrderWorkflowTests.RejectStockOrder_FromPendingApproval_ChangesStatusToRejected() in C:\WORK\Contracts - RASCORE\Applications\rascor-management\tests\Rascor.Tests.Integration\StockManagement\StockOrderWorkflowTests.cs:line 287
--- End of stack trace from previous location ---
  Failed Rascor.Tests.Integration.StockManagement.StockOrderWorkflowTests.DeleteStockOrder_ApprovedOrder_ReturnsBadRequest [15 ms]
  Error Message:
   System.Net.Http.HttpRequestException : Response status code does not indicate success: 400 (Bad Request).
  Stack Trace:
     at System.Net.Http.HttpResponseMessage.EnsureSuccessStatusCode()
   at Rascor.Tests.Integration.StockManagement.StockOrderWorkflowTests.CreateDraftStockOrderAsync() in C:\WORK\Contracts - RASCORE\Applications\rascor-management\tests\Rascor.Tests.Integration\StockManagement\StockOrderWorkflowTests.cs:line 539
   at Rascor.Tests.Integration.StockManagement.StockOrderWorkflowTests.DeleteStockOrder_ApprovedOrder_ReturnsBadRequest() in C:\WORK\Contracts - RASCORE\Applications\rascor-management\tests\Rascor.Tests.Integration\StockManagement\StockOrderWorkflowTests.cs:line 507
--- End of stack trace from previous location ---
  Failed Rascor.Tests.Integration.StockManagement.StockOrderWorkflowTests.ReadyForCollection_FromApproved_ChangesStatusToReadyForCollection [16 ms]
  Error Message:
   System.Net.Http.HttpRequestException : Response status code does not indicate success: 400 (Bad Request).
  Stack Trace:
     at System.Net.Http.HttpResponseMessage.EnsureSuccessStatusCode()
   at Rascor.Tests.Integration.StockManagement.StockOrderWorkflowTests.CreateDraftStockOrderAsync() in C:\WORK\Contracts - RASCORE\Applications\rascor-management\tests\Rascor.Tests.Integration\StockManagement\StockOrderWorkflowTests.cs:line 539
   at Rascor.Tests.Integration.StockManagement.StockOrderWorkflowTests.ReadyForCollection_FromApproved_ChangesStatusToReadyForCollection() in C:\WORK\Contracts - RASCORE\Applications\rascor-management\tests\Rascor.Tests.Integration\StockManagement\StockOrderWorkflowTests.cs:line 315
--- End of stack trace from previous location ---
[xUnit.net 00:00:16.70]     Rascor.Tests.Integration.StockManagement.StockOrderWorkflowTests.CreateStockOrder_ValidData_ReturnsCreatedWithDraftStatus [FAIL]
[xUnit.net 00:00:16.72]     Rascor.Tests.Integration.StockManagement.StockOrderWorkflowTests.CancelStockOrder_AlreadyCollected_ReturnsBadRequest [FAIL]
[xUnit.net 00:00:16.75]     Rascor.Tests.Integration.StockManagement.StockOrderWorkflowTests.FullWorkflow_DraftToCollected_CompletesSuccessfully [FAIL]
[xUnit.net 00:00:16.81]     Rascor.Tests.Integration.StockManagement.StockOrderWorkflowTests.CancelStockOrder_FromApproved_RequiresWarehouseLocation [FAIL]
[xUnit.net 00:00:16.85]     Rascor.Tests.Integration.StockManagement.StockOrderWorkflowTests.CollectStockOrder_FromReadyForCollection_ChangesStatusToCollected [FAIL]
[xUnit.net 00:00:16.87]     Rascor.Tests.Integration.StockManagement.StockOrderWorkflowTests.FullWorkflow_RejectAndResubmit_CompletesSuccessfully [FAIL]
  Failed Rascor.Tests.Integration.StockManagement.StockOrderWorkflowTests.CreateStockOrder_ValidData_ReturnsCreatedWithDraftStatus [21 ms]
  Error Message:
   Expected response.StatusCode to be HttpStatusCode.Created {value: 201}, but found HttpStatusCode.BadRequest {value: 400}.
  Stack Trace:
     at FluentAssertions.Execution.XUnit2TestFramework.Throw(String message)
   at FluentAssertions.Execution.TestFrameworkProvider.Throw(String message)
   at FluentAssertions.Execution.DefaultAssertionStrategy.HandleFailure(String message)
   at FluentAssertions.Execution.AssertionScope.FailWith(Func`1 failReasonFunc)
   at FluentAssertions.Execution.AssertionScope.FailWith(Func`1 failReasonFunc)
   at FluentAssertions.Execution.AssertionScope.FailWith(String message, Object[] args)
   at FluentAssertions.Primitives.EnumAssertions`2.Be(TEnum expected, String because, Object[] becauseArgs)
   at Rascor.Tests.Integration.StockManagement.StockOrderWorkflowTests.CreateStockOrder_ValidData_ReturnsCreatedWithDraftStatus() in C:\WORK\Contracts - RASCORE\Applications\rascor-management\tests\Rascor.Tests.Integration\StockManagement\StockOrderWorkflowTests.cs:line 121
--- End of stack trace from previous location ---
  Failed Rascor.Tests.Integration.StockManagement.StockOrderWorkflowTests.CancelStockOrder_AlreadyCollected_ReturnsBadRequest [16 ms]
  Error Message:
   System.Net.Http.HttpRequestException : Response status code does not indicate success: 400 (Bad Request).
  Stack Trace:
     at System.Net.Http.HttpResponseMessage.EnsureSuccessStatusCode()
   at Rascor.Tests.Integration.StockManagement.StockOrderWorkflowTests.CreateDraftStockOrderAsync() in C:\WORK\Contracts - RASCORE\Applications\rascor-management\tests\Rascor.Tests.Integration\StockManagement\StockOrderWorkflowTests.cs:line 539
   at Rascor.Tests.Integration.StockManagement.StockOrderWorkflowTests.CancelStockOrder_AlreadyCollected_ReturnsBadRequest() in C:\WORK\Contracts - RASCORE\Applications\rascor-management\tests\Rascor.Tests.Integration\StockManagement\StockOrderWorkflowTests.cs:line 419
--- End of stack trace from previous location ---
  Failed Rascor.Tests.Integration.StockManagement.StockOrderWorkflowTests.FullWorkflow_DraftToCollected_CompletesSuccessfully [16 ms]
  Error Message:
   System.Net.Http.HttpRequestException : Response status code does not indicate success: 400 (Bad Request).
  Stack Trace:
     at System.Net.Http.HttpResponseMessage.EnsureSuccessStatusCode()
   at Rascor.Tests.Integration.StockManagement.StockOrderWorkflowTests.CreateDraftStockOrderAsync() in C:\WORK\Contracts - RASCORE\Applications\rascor-management\tests\Rascor.Tests.Integration\StockManagement\StockOrderWorkflowTests.cs:line 539
   at Rascor.Tests.Integration.StockManagement.StockOrderWorkflowTests.FullWorkflow_DraftToCollected_CompletesSuccessfully() in C:\WORK\Contracts - RASCORE\Applications\rascor-management\tests\Rascor.Tests.Integration\StockManagement\StockOrderWorkflowTests.cs:line 440
--- End of stack trace from previous location ---
  Failed Rascor.Tests.Integration.StockManagement.StockOrderWorkflowTests.CancelStockOrder_FromApproved_RequiresWarehouseLocation [25 ms]
  Error Message:
   System.Net.Http.HttpRequestException : Response status code does not indicate success: 400 (Bad Request).
  Stack Trace:
     at System.Net.Http.HttpResponseMessage.EnsureSuccessStatusCode()
   at Rascor.Tests.Integration.StockManagement.StockOrderWorkflowTests.CreateDraftStockOrderAsync() in C:\WORK\Contracts - RASCORE\Applications\rascor-management\tests\Rascor.Tests.Integration\StockManagement\StockOrderWorkflowTests.cs:line 539
   at Rascor.Tests.Integration.StockManagement.StockOrderWorkflowTests.CancelStockOrder_FromApproved_RequiresWarehouseLocation() in C:\WORK\Contracts - RASCORE\Applications\rascor-management\tests\Rascor.Tests.Integration\StockManagement\StockOrderWorkflowTests.cs:line 398
--- End of stack trace from previous location ---
  Failed Rascor.Tests.Integration.StockManagement.StockOrderWorkflowTests.CollectStockOrder_FromReadyForCollection_ChangesStatusToCollected [26 ms]
  Error Message:
   System.Net.Http.HttpRequestException : Response status code does not indicate success: 400 (Bad Request).
  Stack Trace:
     at System.Net.Http.HttpResponseMessage.EnsureSuccessStatusCode()
   at Rascor.Tests.Integration.StockManagement.StockOrderWorkflowTests.CreateDraftStockOrderAsync() in C:\WORK\Contracts - RASCORE\Applications\rascor-management\tests\Rascor.Tests.Integration\StockManagement\StockOrderWorkflowTests.cs:line 539
   at Rascor.Tests.Integration.StockManagement.StockOrderWorkflowTests.CollectStockOrder_FromReadyForCollection_ChangesStatusToCollected() in C:\WORK\Contracts - RASCORE\Applications\rascor-management\tests\Rascor.Tests.Integration\StockManagement\StockOrderWorkflowTests.cs:line 338
--- End of stack trace from previous location ---
  Failed Rascor.Tests.Integration.StockManagement.StockOrderWorkflowTests.FullWorkflow_RejectAndResubmit_CompletesSuccessfully [21 ms]
  Error Message:
   System.Net.Http.HttpRequestException : Response status code does not indicate success: 400 (Bad Request).
  Stack Trace:
     at System.Net.Http.HttpResponseMessage.EnsureSuccessStatusCode()
   at Rascor.Tests.Integration.StockManagement.StockOrderWorkflowTests.CreateDraftStockOrderAsync() in C:\WORK\Contracts - RASCORE\Applications\rascor-management\tests\Rascor.Tests.Integration\StockManagement\StockOrderWorkflowTests.cs:line 539
   at Rascor.Tests.Integration.StockManagement.StockOrderWorkflowTests.FullWorkflow_RejectAndResubmit_CompletesSuccessfully() in C:\WORK\Contracts - RASCORE\Applications\rascor-management\tests\Rascor.Tests.Integration\StockManagement\StockOrderWorkflowTests.cs:line 471
--- End of stack trace from previous location ---
[xUnit.net 00:00:16.89]     Rascor.Tests.Integration.StockManagement.StockOrderWorkflowTests.CancelStockOrder_FromPendingApproval_ChangesStatusToCancelled [FAIL]
[xUnit.net 00:00:16.92]     Rascor.Tests.Integration.StockManagement.StockOrderWorkflowTests.ApproveStockOrder_WithoutPermission_Returns403 [FAIL]
[xUnit.net 00:00:17.07]     Rascor.Tests.Integration.StockManagement.StockReportTests.GetProductsByWeek_WithParameters_ReturnsFilteredResults [FAIL]
  Failed Rascor.Tests.Integration.StockManagement.StockOrderWorkflowTests.CancelStockOrder_FromPendingApproval_ChangesStatusToCancelled [23 ms]
  Error Message:
   System.Net.Http.HttpRequestException : Response status code does not indicate success: 400 (Bad Request).
  Stack Trace:
     at System.Net.Http.HttpResponseMessage.EnsureSuccessStatusCode()
   at Rascor.Tests.Integration.StockManagement.StockOrderWorkflowTests.CreateDraftStockOrderAsync() in C:\WORK\Contracts - RASCORE\Applications\rascor-management\tests\Rascor.Tests.Integration\StockManagement\StockOrderWorkflowTests.cs:line 539
   at Rascor.Tests.Integration.StockManagement.StockOrderWorkflowTests.CancelStockOrder_FromPendingApproval_ChangesStatusToCancelled() in C:\WORK\Contracts - RASCORE\Applications\rascor-management\tests\Rascor.Tests.Integration\StockManagement\StockOrderWorkflowTests.cs:line 384
--- End of stack trace from previous location ---
  Failed Rascor.Tests.Integration.StockManagement.StockOrderWorkflowTests.ApproveStockOrder_WithoutPermission_Returns403 [25 ms]
  Error Message:
   System.Net.Http.HttpRequestException : Response status code does not indicate success: 400 (Bad Request).
  Stack Trace:
     at System.Net.Http.HttpResponseMessage.EnsureSuccessStatusCode()
   at Rascor.Tests.Integration.StockManagement.StockOrderWorkflowTests.CreateDraftStockOrderAsync() in C:\WORK\Contracts - RASCORE\Applications\rascor-management\tests\Rascor.Tests.Integration\StockManagement\StockOrderWorkflowTests.cs:line 539
   at Rascor.Tests.Integration.StockManagement.StockOrderWorkflowTests.ApproveStockOrder_WithoutPermission_Returns403() in C:\WORK\Contracts - RASCORE\Applications\rascor-management\tests\Rascor.Tests.Integration\StockManagement\StockOrderWorkflowTests.cs:line 263
--- End of stack trace from previous location ---
  Failed Rascor.Tests.Integration.StockManagement.StockReportTests.GetProductsByWeek_WithParameters_ReturnsFilteredResults [51 ms]
  Error Message:
   System.Text.Json.JsonException : The JSON value could not be converted to Rascor.Tests.Integration.StockManagement.StockReportTests+ProductsByWeekReport. Path: $.data | LineNumber: 0 | BytePositionInLine: 9.
  Stack Trace:
     at System.Text.Json.ThrowHelper.ThrowJsonException_DeserializeUnableToConvertValue(Type propertyType)
   at System.Text.Json.Serialization.Converters.ObjectWithParameterizedConstructorConverter`1.OnTryRead(Utf8JsonReader& reader, Type typeToConvert, JsonSerializerOptions options, ReadStack& state, T& value)
   at System.Text.Json.Serialization.JsonConverter`1.TryRead(Utf8JsonReader& reader, Type typeToConvert, JsonSerializerOptions options, ReadStack& state, T& value, Boolean& isPopulatedValue)
   at System.Text.Json.Serialization.Converters.SmallObjectWithParameterizedConstructorConverter`5.TryRead[TArg](ReadStack& state, Utf8JsonReader& reader, JsonParameterInfo jsonParameterInfo, TArg& arg)
   at System.Text.Json.Serialization.Converters.SmallObjectWithParameterizedConstructorConverter`5.ReadAndCacheConstructorArgument(ReadStack& state, Utf8JsonReader& reader, JsonParameterInfo jsonParameterInfo)
   at System.Text.Json.Serialization.Converters.ObjectWithParameterizedConstructorConverter`1.ReadConstructorArgumentsWithContinuation(ReadStack& state, Utf8JsonReader& reader, JsonSerializerOptions options)
   at System.Text.Json.Serialization.Converters.ObjectWithParameterizedConstructorConverter`1.OnTryRead(Utf8JsonReader& reader, Type typeToConvert, JsonSerializerOptions options, ReadStack& state, T& value)
   at System.Text.Json.Serialization.JsonConverter`1.TryRead(Utf8JsonReader& reader, Type typeToConvert, JsonSerializerOptions options, ReadStack& state, T& value, Boolean& isPopulatedValue)
   at System.Text.Json.Serialization.JsonConverter`1.ReadCore(Utf8JsonReader& reader, T& value, JsonSerializerOptions options, ReadStack& state)
   at System.Text.Json.Serialization.Metadata.JsonTypeInfo`1.ContinueDeserialize(ReadBufferState& bufferState, JsonReaderState& jsonReaderState, ReadStack& readStack, T& value)
   at System.Text.Json.Serialization.Metadata.JsonTypeInfo`1.DeserializeAsync(Stream utf8Json, CancellationToken cancellationToken)
   at System.Net.Http.Json.HttpContentJsonExtensions.ReadFromJsonAsyncCore[T](HttpContent content, JsonSerializerOptions options, CancellationToken cancellationToken)
   at Rascor.Tests.Integration.StockManagement.StockReportTests.GetProductsByWeek_WithParameters_ReturnsFilteredResults() in C:\WORK\Contracts - RASCORE\Applications\rascor-management\tests\Rascor.Tests.Integration\StockManagement\StockReportTests.cs:line 115
--- End of stack trace from previous location ---
[xUnit.net 00:00:17.10]     Rascor.Tests.Integration.StockManagement.StockReportTests.GetProductsByWeek_ReturnsResults [FAIL]
[xUnit.net 00:00:17.12]     Rascor.Tests.Integration.StockManagement.StockReportTests.GetProductsByMonth_ReturnsValidStructure [FAIL]
[xUnit.net 00:00:17.16]     Rascor.Tests.Integration.StockManagement.StockReportTests.GetProductsByMonth_ReturnsResults [FAIL]
[xUnit.net 00:00:17.18]     Rascor.Tests.Integration.StockManagement.StockReportTests.GetProductsByMonth_WithParameters_ReturnsFilteredResults [FAIL]
[xUnit.net 00:00:17.25]     Rascor.Tests.Integration.StockManagement.StockReportTests.GetProductsBySite_WithTopN_ReturnsLimitedResults [FAIL]
  Failed Rascor.Tests.Integration.StockManagement.StockReportTests.GetProductsByWeek_ReturnsResults [9 ms]
  Error Message:
   System.Text.Json.JsonException : The JSON value could not be converted to Rascor.Tests.Integration.StockManagement.StockReportTests+ProductsByWeekReport. Path: $.data | LineNumber: 0 | BytePositionInLine: 9.
  Stack Trace:
     at System.Text.Json.ThrowHelper.ThrowJsonException_DeserializeUnableToConvertValue(Type propertyType)
   at System.Text.Json.Serialization.Converters.ObjectWithParameterizedConstructorConverter`1.OnTryRead(Utf8JsonReader& reader, Type typeToConvert, JsonSerializerOptions options, ReadStack& state, T& value)
   at System.Text.Json.Serialization.JsonConverter`1.TryRead(Utf8JsonReader& reader, Type typeToConvert, JsonSerializerOptions options, ReadStack& state, T& value, Boolean& isPopulatedValue)
   at System.Text.Json.Serialization.Converters.SmallObjectWithParameterizedConstructorConverter`5.TryRead[TArg](ReadStack& state, Utf8JsonReader& reader, JsonParameterInfo jsonParameterInfo, TArg& arg)
   at System.Text.Json.Serialization.Converters.SmallObjectWithParameterizedConstructorConverter`5.ReadAndCacheConstructorArgument(ReadStack& state, Utf8JsonReader& reader, JsonParameterInfo jsonParameterInfo)
   at System.Text.Json.Serialization.Converters.ObjectWithParameterizedConstructorConverter`1.ReadConstructorArgumentsWithContinuation(ReadStack& state, Utf8JsonReader& reader, JsonSerializerOptions options)
   at System.Text.Json.Serialization.Converters.ObjectWithParameterizedConstructorConverter`1.OnTryRead(Utf8JsonReader& reader, Type typeToConvert, JsonSerializerOptions options, ReadStack& state, T& value)
   at System.Text.Json.Serialization.JsonConverter`1.TryRead(Utf8JsonReader& reader, Type typeToConvert, JsonSerializerOptions options, ReadStack& state, T& value, Boolean& isPopulatedValue)
   at System.Text.Json.Serialization.JsonConverter`1.ReadCore(Utf8JsonReader& reader, T& value, JsonSerializerOptions options, ReadStack& state)
   at System.Text.Json.Serialization.Metadata.JsonTypeInfo`1.ContinueDeserialize(ReadBufferState& bufferState, JsonReaderState& jsonReaderState, ReadStack& readStack, T& value)
   at System.Text.Json.Serialization.Metadata.JsonTypeInfo`1.DeserializeAsync(Stream utf8Json, CancellationToken cancellationToken)
   at System.Net.Http.Json.HttpContentJsonExtensions.ReadFromJsonAsyncCore[T](HttpContent content, JsonSerializerOptions options, CancellationToken cancellationToken)
   at Rascor.Tests.Integration.StockManagement.StockReportTests.GetProductsByWeek_ReturnsResults() in C:\WORK\Contracts - RASCORE\Applications\rascor-management\tests\Rascor.Tests.Integration\StockManagement\StockReportTests.cs:line 102
--- End of stack trace from previous location ---
  Failed Rascor.Tests.Integration.StockManagement.StockReportTests.GetProductsByMonth_ReturnsValidStructure [22 ms]
  Error Message:
   System.Text.Json.JsonException : The JSON value could not be converted to Rascor.Tests.Integration.StockManagement.StockReportTests+ProductsByMonthReport. Path: $.data | LineNumber: 0 | BytePositionInLine: 9.
  Stack Trace:
     at System.Text.Json.ThrowHelper.ThrowJsonException_DeserializeUnableToConvertValue(Type propertyType)
   at System.Text.Json.Serialization.Converters.ObjectWithParameterizedConstructorConverter`1.OnTryRead(Utf8JsonReader& reader, Type typeToConvert, JsonSerializerOptions options, ReadStack& state, T& value)
   at System.Text.Json.Serialization.JsonConverter`1.TryRead(Utf8JsonReader& reader, Type typeToConvert, JsonSerializerOptions options, ReadStack& state, T& value, Boolean& isPopulatedValue)
   at System.Text.Json.Serialization.Converters.SmallObjectWithParameterizedConstructorConverter`5.TryRead[TArg](ReadStack& state, Utf8JsonReader& reader, JsonParameterInfo jsonParameterInfo, TArg& arg)
   at System.Text.Json.Serialization.Converters.SmallObjectWithParameterizedConstructorConverter`5.ReadAndCacheConstructorArgument(ReadStack& state, Utf8JsonReader& reader, JsonParameterInfo jsonParameterInfo)
   at System.Text.Json.Serialization.Converters.ObjectWithParameterizedConstructorConverter`1.ReadConstructorArgumentsWithContinuation(ReadStack& state, Utf8JsonReader& reader, JsonSerializerOptions options)
   at System.Text.Json.Serialization.Converters.ObjectWithParameterizedConstructorConverter`1.OnTryRead(Utf8JsonReader& reader, Type typeToConvert, JsonSerializerOptions options, ReadStack& state, T& value)
   at System.Text.Json.Serialization.JsonConverter`1.TryRead(Utf8JsonReader& reader, Type typeToConvert, JsonSerializerOptions options, ReadStack& state, T& value, Boolean& isPopulatedValue)
   at System.Text.Json.Serialization.JsonConverter`1.ReadCore(Utf8JsonReader& reader, T& value, JsonSerializerOptions options, ReadStack& state)
   at System.Text.Json.Serialization.Metadata.JsonTypeInfo`1.ContinueDeserialize(ReadBufferState& bufferState, JsonReaderState& jsonReaderState, ReadStack& readStack, T& value)
   at System.Text.Json.Serialization.Metadata.JsonTypeInfo`1.DeserializeAsync(Stream utf8Json, CancellationToken cancellationToken)
   at System.Net.Http.Json.HttpContentJsonExtensions.ReadFromJsonAsyncCore[T](HttpContent content, JsonSerializerOptions options, CancellationToken cancellationToken)
   at Rascor.Tests.Integration.StockManagement.StockReportTests.GetProductsByMonth_ReturnsValidStructure() in C:\WORK\Contracts - RASCORE\Applications\rascor-management\tests\Rascor.Tests.Integration\StockManagement\StockReportTests.cs:line 260
--- End of stack trace from previous location ---
  Failed Rascor.Tests.Integration.StockManagement.StockReportTests.GetProductsByMonth_ReturnsResults [8 ms]
  Error Message:
   System.Text.Json.JsonException : The JSON value could not be converted to Rascor.Tests.Integration.StockManagement.StockReportTests+ProductsByMonthReport. Path: $.data | LineNumber: 0 | BytePositionInLine: 9.
  Stack Trace:
     at System.Text.Json.ThrowHelper.ThrowJsonException_DeserializeUnableToConvertValue(Type propertyType)
   at System.Text.Json.Serialization.Converters.ObjectWithParameterizedConstructorConverter`1.OnTryRead(Utf8JsonReader& reader, Type typeToConvert, JsonSerializerOptions options, ReadStack& state, T& value)
   at System.Text.Json.Serialization.JsonConverter`1.TryRead(Utf8JsonReader& reader, Type typeToConvert, JsonSerializerOptions options, ReadStack& state, T& value, Boolean& isPopulatedValue)
   at System.Text.Json.Serialization.Converters.SmallObjectWithParameterizedConstructorConverter`5.TryRead[TArg](ReadStack& state, Utf8JsonReader& reader, JsonParameterInfo jsonParameterInfo, TArg& arg)
   at System.Text.Json.Serialization.Converters.SmallObjectWithParameterizedConstructorConverter`5.ReadAndCacheConstructorArgument(ReadStack& state, Utf8JsonReader& reader, JsonParameterInfo jsonParameterInfo)
   at System.Text.Json.Serialization.Converters.ObjectWithParameterizedConstructorConverter`1.ReadConstructorArgumentsWithContinuation(ReadStack& state, Utf8JsonReader& reader, JsonSerializerOptions options)
   at System.Text.Json.Serialization.Converters.ObjectWithParameterizedConstructorConverter`1.OnTryRead(Utf8JsonReader& reader, Type typeToConvert, JsonSerializerOptions options, ReadStack& state, T& value)
   at System.Text.Json.Serialization.JsonConverter`1.TryRead(Utf8JsonReader& reader, Type typeToConvert, JsonSerializerOptions options, ReadStack& state, T& value, Boolean& isPopulatedValue)
   at System.Text.Json.Serialization.JsonConverter`1.ReadCore(Utf8JsonReader& reader, T& value, JsonSerializerOptions options, ReadStack& state)
   at System.Text.Json.Serialization.Metadata.JsonTypeInfo`1.ContinueDeserialize(ReadBufferState& bufferState, JsonReaderState& jsonReaderState, ReadStack& readStack, T& value)
   at System.Text.Json.Serialization.Metadata.JsonTypeInfo`1.DeserializeAsync(Stream utf8Json, CancellationToken cancellationToken)
   at System.Net.Http.Json.HttpContentJsonExtensions.ReadFromJsonAsyncCore[T](HttpContent content, JsonSerializerOptions options, CancellationToken cancellationToken)
   at Rascor.Tests.Integration.StockManagement.StockReportTests.GetProductsByMonth_ReturnsResults() in C:\WORK\Contracts - RASCORE\Applications\rascor-management\tests\Rascor.Tests.Integration\StockManagement\StockReportTests.cs:line 22
--- End of stack trace from previous location ---
  Failed Rascor.Tests.Integration.StockManagement.StockReportTests.GetProductsByMonth_WithParameters_ReturnsFilteredResults [8 ms]
  Error Message:
   System.Text.Json.JsonException : The JSON value could not be converted to Rascor.Tests.Integration.StockManagement.StockReportTests+ProductsByMonthReport. Path: $.data | LineNumber: 0 | BytePositionInLine: 9.
  Stack Trace:
     at System.Text.Json.ThrowHelper.ThrowJsonException_DeserializeUnableToConvertValue(Type propertyType)
   at System.Text.Json.Serialization.Converters.ObjectWithParameterizedConstructorConverter`1.OnTryRead(Utf8JsonReader& reader, Type typeToConvert, JsonSerializerOptions options, ReadStack& state, T& value)
   at System.Text.Json.Serialization.JsonConverter`1.TryRead(Utf8JsonReader& reader, Type typeToConvert, JsonSerializerOptions options, ReadStack& state, T& value, Boolean& isPopulatedValue)
   at System.Text.Json.Serialization.Converters.SmallObjectWithParameterizedConstructorConverter`5.TryRead[TArg](ReadStack& state, Utf8JsonReader& reader, JsonParameterInfo jsonParameterInfo, TArg& arg)
   at System.Text.Json.Serialization.Converters.SmallObjectWithParameterizedConstructorConverter`5.ReadAndCacheConstructorArgument(ReadStack& state, Utf8JsonReader& reader, JsonParameterInfo jsonParameterInfo)
   at System.Text.Json.Serialization.Converters.ObjectWithParameterizedConstructorConverter`1.ReadConstructorArgumentsWithContinuation(ReadStack& state, Utf8JsonReader& reader, JsonSerializerOptions options)
   at System.Text.Json.Serialization.Converters.ObjectWithParameterizedConstructorConverter`1.OnTryRead(Utf8JsonReader& reader, Type typeToConvert, JsonSerializerOptions options, ReadStack& state, T& value)
   at System.Text.Json.Serialization.JsonConverter`1.TryRead(Utf8JsonReader& reader, Type typeToConvert, JsonSerializerOptions options, ReadStack& state, T& value, Boolean& isPopulatedValue)
   at System.Text.Json.Serialization.JsonConverter`1.ReadCore(Utf8JsonReader& reader, T& value, JsonSerializerOptions options, ReadStack& state)
   at System.Text.Json.Serialization.Metadata.JsonTypeInfo`1.ContinueDeserialize(ReadBufferState& bufferState, JsonReaderState& jsonReaderState, ReadStack& readStack, T& value)
   at System.Text.Json.Serialization.Metadata.JsonTypeInfo`1.DeserializeAsync(Stream utf8Json, CancellationToken cancellationToken)
   at System.Net.Http.Json.HttpContentJsonExtensions.ReadFromJsonAsyncCore[T](HttpContent content, JsonSerializerOptions options, CancellationToken cancellationToken)
   at Rascor.Tests.Integration.StockManagement.StockReportTests.GetProductsByMonth_WithParameters_ReturnsFilteredResults() in C:\WORK\Contracts - RASCORE\Applications\rascor-management\tests\Rascor.Tests.Integration\StockManagement\StockReportTests.cs:line 35
--- End of stack trace from previous location ---
  Failed Rascor.Tests.Integration.StockManagement.StockReportTests.GetProductsBySite_WithTopN_ReturnsLimitedResults [35 ms]
  Error Message:
   System.Text.Json.JsonException : The JSON value could not be converted to Rascor.Tests.Integration.StockManagement.StockReportTests+ProductsBySiteReport. Path: $.data | LineNumber: 0 | BytePositionInLine: 9.
  Stack Trace:
     at System.Text.Json.ThrowHelper.ThrowJsonException_DeserializeUnableToConvertValue(Type propertyType)
   at System.Text.Json.Serialization.Converters.ObjectWithParameterizedConstructorConverter`1.OnTryRead(Utf8JsonReader& reader, Type typeToConvert, JsonSerializerOptions options, ReadStack& state, T& value)
   at System.Text.Json.Serialization.JsonConverter`1.TryRead(Utf8JsonReader& reader, Type typeToConvert, JsonSerializerOptions options, ReadStack& state, T& value, Boolean& isPopulatedValue)
   at System.Text.Json.Serialization.Converters.SmallObjectWithParameterizedConstructorConverter`5.TryRead[TArg](ReadStack& state, Utf8JsonReader& reader, JsonParameterInfo jsonParameterInfo, TArg& arg)
   at System.Text.Json.Serialization.Converters.SmallObjectWithParameterizedConstructorConverter`5.ReadAndCacheConstructorArgument(ReadStack& state, Utf8JsonReader& reader, JsonParameterInfo jsonParameterInfo)
   at System.Text.Json.Serialization.Converters.ObjectWithParameterizedConstructorConverter`1.ReadConstructorArgumentsWithContinuation(ReadStack& state, Utf8JsonReader& reader, JsonSerializerOptions options)
   at System.Text.Json.Serialization.Converters.ObjectWithParameterizedConstructorConverter`1.OnTryRead(Utf8JsonReader& reader, Type typeToConvert, JsonSerializerOptions options, ReadStack& state, T& value)
   at System.Text.Json.Serialization.JsonConverter`1.TryRead(Utf8JsonReader& reader, Type typeToConvert, JsonSerializerOptions options, ReadStack& state, T& value, Boolean& isPopulatedValue)
   at System.Text.Json.Serialization.JsonConverter`1.ReadCore(Utf8JsonReader& reader, T& value, JsonSerializerOptions options, ReadStack& state)
   at System.Text.Json.Serialization.Metadata.JsonTypeInfo`1.ContinueDeserialize(ReadBufferState& bufferState, JsonReaderState& jsonReaderState, ReadStack& readStack, T& value)
   at System.Text.Json.Serialization.Metadata.JsonTypeInfo`1.DeserializeAsync(Stream utf8Json, CancellationToken cancellationToken)
   at System.Net.Http.Json.HttpContentJsonExtensions.ReadFromJsonAsyncCore[T](HttpContent content, JsonSerializerOptions options, CancellationToken cancellationToken)
   at Rascor.Tests.Integration.StockManagement.StockReportTests.GetProductsBySite_WithTopN_ReturnsLimitedResults() in C:\WORK\Contracts - RASCORE\Applications\rascor-management\tests\Rascor.Tests.Integration\StockManagement\StockReportTests.cs:line 75
--- End of stack trace from previous location ---
[xUnit.net 00:00:17.26]     Rascor.Tests.Integration.StockManagement.StockReportTests.GetProductsBySite_ReturnsResults [FAIL]
[xUnit.net 00:00:17.28]     Rascor.Tests.Integration.StockManagement.StocktakeTests.GetStocktakeById_ExistingStocktake_ReturnsStocktakeWithLines [FAIL]
[xUnit.net 00:00:17.28]     Rascor.Tests.Integration.StockManagement.StocktakeTests.UpdateStocktakeLine_ValidData_UpdatesCountedQuantity [FAIL]
[xUnit.net 00:00:17.29]     Rascor.Tests.Integration.StockManagement.StocktakeTests.UpdateStocktakeLine_DraftStocktake_ReturnsBadRequest [FAIL]
[xUnit.net 00:00:17.30]     Rascor.Tests.Integration.StockManagement.StocktakeTests.CancelStocktake_FromInProgress_ChangesStatusToCancelled [FAIL]
  Failed Rascor.Tests.Integration.StockManagement.StockReportTests.GetProductsBySite_ReturnsResults [8 ms]
  Error Message:
   System.Text.Json.JsonException : The JSON value could not be converted to Rascor.Tests.Integration.StockManagement.StockReportTests+ProductsBySiteReport. Path: $.data | LineNumber: 0 | BytePositionInLine: 9.
  Stack Trace:
     at System.Text.Json.ThrowHelper.ThrowJsonException_DeserializeUnableToConvertValue(Type propertyType)
   at System.Text.Json.Serialization.Converters.ObjectWithParameterizedConstructorConverter`1.OnTryRead(Utf8JsonReader& reader, Type typeToConvert, JsonSerializerOptions options, ReadStack& state, T& value)
   at System.Text.Json.Serialization.JsonConverter`1.TryRead(Utf8JsonReader& reader, Type typeToConvert, JsonSerializerOptions options, ReadStack& state, T& value, Boolean& isPopulatedValue)
   at System.Text.Json.Serialization.Converters.SmallObjectWithParameterizedConstructorConverter`5.TryRead[TArg](ReadStack& state, Utf8JsonReader& reader, JsonParameterInfo jsonParameterInfo, TArg& arg)
   at System.Text.Json.Serialization.Converters.SmallObjectWithParameterizedConstructorConverter`5.ReadAndCacheConstructorArgument(ReadStack& state, Utf8JsonReader& reader, JsonParameterInfo jsonParameterInfo)
   at System.Text.Json.Serialization.Converters.ObjectWithParameterizedConstructorConverter`1.ReadConstructorArgumentsWithContinuation(ReadStack& state, Utf8JsonReader& reader, JsonSerializerOptions options)
   at System.Text.Json.Serialization.Converters.ObjectWithParameterizedConstructorConverter`1.OnTryRead(Utf8JsonReader& reader, Type typeToConvert, JsonSerializerOptions options, ReadStack& state, T& value)
   at System.Text.Json.Serialization.JsonConverter`1.TryRead(Utf8JsonReader& reader, Type typeToConvert, JsonSerializerOptions options, ReadStack& state, T& value, Boolean& isPopulatedValue)
   at System.Text.Json.Serialization.JsonConverter`1.ReadCore(Utf8JsonReader& reader, T& value, JsonSerializerOptions options, ReadStack& state)
   at System.Text.Json.Serialization.Metadata.JsonTypeInfo`1.ContinueDeserialize(ReadBufferState& bufferState, JsonReaderState& jsonReaderState, ReadStack& readStack, T& value)
   at System.Text.Json.Serialization.Metadata.JsonTypeInfo`1.DeserializeAsync(Stream utf8Json, CancellationToken cancellationToken)
   at System.Net.Http.Json.HttpContentJsonExtensions.ReadFromJsonAsyncCore[T](HttpContent content, JsonSerializerOptions options, CancellationToken cancellationToken)
   at Rascor.Tests.Integration.StockManagement.StockReportTests.GetProductsBySite_ReturnsResults() in C:\WORK\Contracts - RASCORE\Applications\rascor-management\tests\Rascor.Tests.Integration\StockManagement\StockReportTests.cs:line 62
--- End of stack trace from previous location ---
  Failed Rascor.Tests.Integration.StockManagement.StocktakeTests.GetStocktakeById_ExistingStocktake_ReturnsStocktakeWithLines [10 ms]
  Error Message:
   System.Net.Http.HttpRequestException : Response status code does not indicate success: 400 (Bad Request).
  Stack Trace:
     at System.Net.Http.HttpResponseMessage.EnsureSuccessStatusCode()
   at Rascor.Tests.Integration.StockManagement.StocktakeTests.CreateDraftStocktakeAsync() in C:\WORK\Contracts - RASCORE\Applications\rascor-management\tests\Rascor.Tests.Integration\StockManagement\StocktakeTests.cs:line 476
   at Rascor.Tests.Integration.StockManagement.StocktakeTests.GetStocktakeById_ExistingStocktake_ReturnsStocktakeWithLines() in C:\WORK\Contracts - RASCORE\Applications\rascor-management\tests\Rascor.Tests.Integration\StockManagement\StocktakeTests.cs:line 34
--- End of stack trace from previous location ---
  Failed Rascor.Tests.Integration.StockManagement.StocktakeTests.UpdateStocktakeLine_ValidData_UpdatesCountedQuantity [7 ms]
  Error Message:
   System.Net.Http.HttpRequestException : Response status code does not indicate success: 400 (Bad Request).
  Stack Trace:
     at System.Net.Http.HttpResponseMessage.EnsureSuccessStatusCode()
   at Rascor.Tests.Integration.StockManagement.StocktakeTests.CreateDraftStocktakeAsync() in C:\WORK\Contracts - RASCORE\Applications\rascor-management\tests\Rascor.Tests.Integration\StockManagement\StocktakeTests.cs:line 476
   at Rascor.Tests.Integration.StockManagement.StocktakeTests.UpdateStocktakeLine_ValidData_UpdatesCountedQuantity() in C:\WORK\Contracts - RASCORE\Applications\rascor-management\tests\Rascor.Tests.Integration\StockManagement\StocktakeTests.cs:line 193
--- End of stack trace from previous location ---
  Failed Rascor.Tests.Integration.StockManagement.StocktakeTests.UpdateStocktakeLine_DraftStocktake_ReturnsBadRequest [4 ms]
  Error Message:
   System.Net.Http.HttpRequestException : Response status code does not indicate success: 400 (Bad Request).
  Stack Trace:
     at System.Net.Http.HttpResponseMessage.EnsureSuccessStatusCode()
   at Rascor.Tests.Integration.StockManagement.StocktakeTests.CreateDraftStocktakeAsync() in C:\WORK\Contracts - RASCORE\Applications\rascor-management\tests\Rascor.Tests.Integration\StockManagement\StocktakeTests.cs:line 476
   at Rascor.Tests.Integration.StockManagement.StocktakeTests.UpdateStocktakeLine_DraftStocktake_ReturnsBadRequest() in C:\WORK\Contracts - RASCORE\Applications\rascor-management\tests\Rascor.Tests.Integration\StockManagement\StocktakeTests.cs:line 228
--- End of stack trace from previous location ---
  Failed Rascor.Tests.Integration.StockManagement.StocktakeTests.CancelStocktake_FromInProgress_ChangesStatusToCancelled [5 ms]
  Error Message:
   System.Net.Http.HttpRequestException : Response status code does not indicate success: 400 (Bad Request).
  Stack Trace:
     at System.Net.Http.HttpResponseMessage.EnsureSuccessStatusCode()
   at Rascor.Tests.Integration.StockManagement.StocktakeTests.CreateDraftStocktakeAsync() in C:\WORK\Contracts - RASCORE\Applications\rascor-management\tests\Rascor.Tests.Integration\StockManagement\StocktakeTests.cs:line 476
   at Rascor.Tests.Integration.StockManagement.StocktakeTests.CancelStocktake_FromInProgress_ChangesStatusToCancelled() in C:\WORK\Contracts - RASCORE\Applications\rascor-management\tests\Rascor.Tests.Integration\StockManagement\StocktakeTests.cs:line 326
--- End of stack trace from previous location ---
[xUnit.net 00:00:17.32]     Rascor.Tests.Integration.StockManagement.StocktakeTests.DeleteStocktake_DraftStocktake_ReturnsNoContent [FAIL]
[xUnit.net 00:00:17.33]     Rascor.Tests.Integration.StockManagement.StocktakeTests.StartStocktake_FromDraft_ChangesStatusToInProgress [FAIL]
[xUnit.net 00:00:17.34]     Rascor.Tests.Integration.StockManagement.StocktakeTests.Stocktake_WithVariance_CalculatesVarianceCorrectly [FAIL]
[xUnit.net 00:00:17.34]     Rascor.Tests.Integration.StockManagement.StocktakeTests.CompleteStocktake_FromDraft_ReturnsBadRequest [FAIL]
[xUnit.net 00:00:17.35]     Rascor.Tests.Integration.StockManagement.StocktakeTests.DeleteStocktake_CompletedStocktake_ReturnsBadRequest [FAIL]
[xUnit.net 00:00:17.39]     Rascor.Tests.Integration.StockManagement.StocktakeTests.StartStocktake_AlreadyStarted_ReturnsBadRequest [FAIL]
[xUnit.net 00:00:17.39]     Rascor.Tests.Integration.StockManagement.StocktakeTests.CancelStocktake_FromDraft_ChangesStatusToCancelled [FAIL]
  Failed Rascor.Tests.Integration.StockManagement.StocktakeTests.DeleteStocktake_DraftStocktake_ReturnsNoContent [3 ms]
  Error Message:
   System.Net.Http.HttpRequestException : Response status code does not indicate success: 400 (Bad Request).
  Stack Trace:
     at System.Net.Http.HttpResponseMessage.EnsureSuccessStatusCode()
   at Rascor.Tests.Integration.StockManagement.StocktakeTests.CreateDraftStocktakeAsync() in C:\WORK\Contracts - RASCORE\Applications\rascor-management\tests\Rascor.Tests.Integration\StockManagement\StocktakeTests.cs:line 476
   at Rascor.Tests.Integration.StockManagement.StocktakeTests.DeleteStocktake_DraftStocktake_ReturnsNoContent() in C:\WORK\Contracts - RASCORE\Applications\rascor-management\tests\Rascor.Tests.Integration\StockManagement\StocktakeTests.cs:line 362
--- End of stack trace from previous location ---
  Failed Rascor.Tests.Integration.StockManagement.StocktakeTests.StartStocktake_FromDraft_ChangesStatusToInProgress [4 ms]
  Error Message:
   System.Net.Http.HttpRequestException : Response status code does not indicate success: 400 (Bad Request).
  Stack Trace:
     at System.Net.Http.HttpResponseMessage.EnsureSuccessStatusCode()
   at Rascor.Tests.Integration.StockManagement.StocktakeTests.CreateDraftStocktakeAsync() in C:\WORK\Contracts - RASCORE\Applications\rascor-management\tests\Rascor.Tests.Integration\StockManagement\StocktakeTests.cs:line 476
   at Rascor.Tests.Integration.StockManagement.StocktakeTests.StartStocktake_FromDraft_ChangesStatusToInProgress() in C:\WORK\Contracts - RASCORE\Applications\rascor-management\tests\Rascor.Tests.Integration\StockManagement\StocktakeTests.cs:line 158
--- End of stack trace from previous location ---
  Failed Rascor.Tests.Integration.StockManagement.StocktakeTests.Stocktake_WithVariance_CalculatesVarianceCorrectly [3 ms]
  Error Message:
   System.Net.Http.HttpRequestException : Response status code does not indicate success: 400 (Bad Request).
  Stack Trace:
     at System.Net.Http.HttpResponseMessage.EnsureSuccessStatusCode()
   at Rascor.Tests.Integration.StockManagement.StocktakeTests.CreateDraftStocktakeAsync() in C:\WORK\Contracts - RASCORE\Applications\rascor-management\tests\Rascor.Tests.Integration\StockManagement\StocktakeTests.cs:line 476
   at Rascor.Tests.Integration.StockManagement.StocktakeTests.Stocktake_WithVariance_CalculatesVarianceCorrectly() in C:\WORK\Contracts - RASCORE\Applications\rascor-management\tests\Rascor.Tests.Integration\StockManagement\StocktakeTests.cs:line 433
--- End of stack trace from previous location ---
  Failed Rascor.Tests.Integration.StockManagement.StocktakeTests.CompleteStocktake_FromDraft_ReturnsBadRequest [4 ms]
  Error Message:
   System.Net.Http.HttpRequestException : Response status code does not indicate success: 400 (Bad Request).
  Stack Trace:
     at System.Net.Http.HttpResponseMessage.EnsureSuccessStatusCode()
   at Rascor.Tests.Integration.StockManagement.StocktakeTests.CreateDraftStocktakeAsync() in C:\WORK\Contracts - RASCORE\Applications\rascor-management\tests\Rascor.Tests.Integration\StockManagement\StocktakeTests.cs:line 476
   at Rascor.Tests.Integration.StockManagement.StocktakeTests.CompleteStocktake_FromDraft_ReturnsBadRequest() in C:\WORK\Contracts - RASCORE\Applications\rascor-management\tests\Rascor.Tests.Integration\StockManagement\StocktakeTests.cs:line 292
--- End of stack trace from previous location ---
  Failed Rascor.Tests.Integration.StockManagement.StocktakeTests.DeleteStocktake_CompletedStocktake_ReturnsBadRequest [3 ms]
  Error Message:
   System.Net.Http.HttpRequestException : Response status code does not indicate success: 400 (Bad Request).
  Stack Trace:
     at System.Net.Http.HttpResponseMessage.EnsureSuccessStatusCode()
   at Rascor.Tests.Integration.StockManagement.StocktakeTests.CreateDraftStocktakeAsync() in C:\WORK\Contracts - RASCORE\Applications\rascor-management\tests\Rascor.Tests.Integration\StockManagement\StocktakeTests.cs:line 476
   at Rascor.Tests.Integration.StockManagement.StocktakeTests.DeleteStocktake_CompletedStocktake_ReturnsBadRequest() in C:\WORK\Contracts - RASCORE\Applications\rascor-management\tests\Rascor.Tests.Integration\StockManagement\StocktakeTests.cs:line 379
--- End of stack trace from previous location ---
  Failed Rascor.Tests.Integration.StockManagement.StocktakeTests.StartStocktake_AlreadyStarted_ReturnsBadRequest [4 ms]
  Error Message:
   System.Net.Http.HttpRequestException : Response status code does not indicate success: 400 (Bad Request).
  Stack Trace:
     at System.Net.Http.HttpResponseMessage.EnsureSuccessStatusCode()
   at Rascor.Tests.Integration.StockManagement.StocktakeTests.CreateDraftStocktakeAsync() in C:\WORK\Contracts - RASCORE\Applications\rascor-management\tests\Rascor.Tests.Integration\StockManagement\StocktakeTests.cs:line 476
   at Rascor.Tests.Integration.StockManagement.StocktakeTests.StartStocktake_AlreadyStarted_ReturnsBadRequest() in C:\WORK\Contracts - RASCORE\Applications\rascor-management\tests\Rascor.Tests.Integration\StockManagement\StocktakeTests.cs:line 175
--- End of stack trace from previous location ---
  Failed Rascor.Tests.Integration.StockManagement.StocktakeTests.CancelStocktake_FromDraft_ChangesStatusToCancelled [3 ms]
  Error Message:
   System.Net.Http.HttpRequestException : Response status code does not indicate success: 400 (Bad Request).
  Stack Trace:
     at System.Net.Http.HttpResponseMessage.EnsureSuccessStatusCode()
   at Rascor.Tests.Integration.StockManagement.StocktakeTests.CreateDraftStocktakeAsync() in C:\WORK\Contracts - RASCORE\Applications\rascor-management\tests\Rascor.Tests.Integration\StockManagement\StocktakeTests.cs:line 476
   at Rascor.Tests.Integration.StockManagement.StocktakeTests.CancelStocktake_FromDraft_ChangesStatusToCancelled() in C:\WORK\Contracts - RASCORE\Applications\rascor-management\tests\Rascor.Tests.Integration\StockManagement\StocktakeTests.cs:line 309
--- End of stack trace from previous location ---
[xUnit.net 00:00:17.44]     Rascor.Tests.Integration.StockManagement.StocktakeTests.CancelStocktake_AlreadyCompleted_ReturnsBadRequest [FAIL]
[xUnit.net 00:00:17.45]     Rascor.Tests.Integration.StockManagement.StocktakeTests.FullWorkflow_DraftToCompleted_CompletesSuccessfully [FAIL]
[xUnit.net 00:00:17.46]     Rascor.Tests.Integration.StockManagement.StocktakeTests.CreateStocktake_ValidData_ReturnsCreatedWithAutoPopulatedLines [FAIL]
[xUnit.net 00:00:17.47]     Rascor.Tests.Integration.StockManagement.StocktakeTests.CompleteStocktake_AllLinesCounted_ChangesStatusToCompleted [FAIL]
[xUnit.net 00:00:17.49]     Rascor.Tests.Integration.StockManagement.StockTransactionTests.GetStockTransactionsByProduct_ReturnsFilteredResults [FAIL]
[xUnit.net 00:00:17.53]     Rascor.Tests.Integration.StockManagement.StockTransactionTests.CreateStockTransaction_ValidData_ReturnsCreated [FAIL]
  Failed Rascor.Tests.Integration.StockManagement.StocktakeTests.CancelStocktake_AlreadyCompleted_ReturnsBadRequest [3 ms]
  Error Message:
   System.Net.Http.HttpRequestException : Response status code does not indicate success: 400 (Bad Request).
  Stack Trace:
     at System.Net.Http.HttpResponseMessage.EnsureSuccessStatusCode()
   at Rascor.Tests.Integration.StockManagement.StocktakeTests.CreateDraftStocktakeAsync() in C:\WORK\Contracts - RASCORE\Applications\rascor-management\tests\Rascor.Tests.Integration\StockManagement\StocktakeTests.cs:line 476
   at Rascor.Tests.Integration.StockManagement.StocktakeTests.CancelStocktake_AlreadyCompleted_ReturnsBadRequest() in C:\WORK\Contracts - RASCORE\Applications\rascor-management\tests\Rascor.Tests.Integration\StockManagement\StocktakeTests.cs:line 343
--- End of stack trace from previous location ---
  Failed Rascor.Tests.Integration.StockManagement.StocktakeTests.FullWorkflow_DraftToCompleted_CompletesSuccessfully [5 ms]
  Error Message:
   System.Net.Http.HttpRequestException : Response status code does not indicate success: 400 (Bad Request).
  Stack Trace:
     at System.Net.Http.HttpResponseMessage.EnsureSuccessStatusCode()
   at Rascor.Tests.Integration.StockManagement.StocktakeTests.CreateDraftStocktakeAsync() in C:\WORK\Contracts - RASCORE\Applications\rascor-management\tests\Rascor.Tests.Integration\StockManagement\StocktakeTests.cs:line 476
   at Rascor.Tests.Integration.StockManagement.StocktakeTests.FullWorkflow_DraftToCompleted_CompletesSuccessfully() in C:\WORK\Contracts - RASCORE\Applications\rascor-management\tests\Rascor.Tests.Integration\StockManagement\StocktakeTests.cs:line 398
--- End of stack trace from previous location ---
  Failed Rascor.Tests.Integration.StockManagement.StocktakeTests.CreateStocktake_ValidData_ReturnsCreatedWithAutoPopulatedLines [7 ms]
  Error Message:
   System.Text.Json.JsonException : The JSON value could not be converted to System.Collections.Generic.List`1[System.String]. Path: $.errors | LineNumber: 0 | BytePositionInLine: 134.
  Stack Trace:
     at System.Text.Json.ThrowHelper.ThrowJsonException_DeserializeUnableToConvertValue(Type propertyType)
   at System.Text.Json.Serialization.JsonCollectionConverter`2.OnTryRead(Utf8JsonReader& reader, Type typeToConvert, JsonSerializerOptions options, ReadStack& state, TCollection& value)
   at System.Text.Json.Serialization.JsonConverter`1.TryRead(Utf8JsonReader& reader, Type typeToConvert, JsonSerializerOptions options, ReadStack& state, T& value, Boolean& isPopulatedValue)
   at System.Text.Json.Serialization.Converters.SmallObjectWithParameterizedConstructorConverter`5.TryRead[TArg](ReadStack& state, Utf8JsonReader& reader, JsonParameterInfo jsonParameterInfo, TArg& arg)
   at System.Text.Json.Serialization.Converters.SmallObjectWithParameterizedConstructorConverter`5.ReadAndCacheConstructorArgument(ReadStack& state, Utf8JsonReader& reader, JsonParameterInfo jsonParameterInfo)
   at System.Text.Json.Serialization.Converters.ObjectWithParameterizedConstructorConverter`1.ReadConstructorArgumentsWithContinuation(ReadStack& state, Utf8JsonReader& reader, JsonSerializerOptions options)
   at System.Text.Json.Serialization.Converters.ObjectWithParameterizedConstructorConverter`1.OnTryRead(Utf8JsonReader& reader, Type typeToConvert, JsonSerializerOptions options, ReadStack& state, T& value)
   at System.Text.Json.Serialization.JsonConverter`1.TryRead(Utf8JsonReader& reader, Type typeToConvert, JsonSerializerOptions options, ReadStack& state, T& value, Boolean& isPopulatedValue)
   at System.Text.Json.Serialization.JsonConverter`1.ReadCore(Utf8JsonReader& reader, T& value, JsonSerializerOptions options, ReadStack& state)
   at System.Text.Json.Serialization.Metadata.JsonTypeInfo`1.ContinueDeserialize(ReadBufferState& bufferState, JsonReaderState& jsonReaderState, ReadStack& readStack, T& value)
   at System.Text.Json.Serialization.Metadata.JsonTypeInfo`1.DeserializeAsync(Stream utf8Json, CancellationToken cancellationToken)
   at System.Net.Http.Json.HttpContentJsonExtensions.ReadFromJsonAsyncCore[T](HttpContent content, JsonSerializerOptions options, CancellationToken cancellationToken)
   at Rascor.Tests.Integration.StockManagement.StocktakeTests.CreateStocktake_ValidData_ReturnsCreatedWithAutoPopulatedLines() in C:\WORK\Contracts - RASCORE\Applications\rascor-management\tests\Rascor.Tests.Integration\StockManagement\StocktakeTests.cs:line 104
--- End of stack trace from previous location ---
  Failed Rascor.Tests.Integration.StockManagement.StocktakeTests.CompleteStocktake_AllLinesCounted_ChangesStatusToCompleted [5 ms]
  Error Message:
   System.Net.Http.HttpRequestException : Response status code does not indicate success: 400 (Bad Request).
  Stack Trace:
     at System.Net.Http.HttpResponseMessage.EnsureSuccessStatusCode()
   at Rascor.Tests.Integration.StockManagement.StocktakeTests.CreateDraftStocktakeAsync() in C:\WORK\Contracts - RASCORE\Applications\rascor-management\tests\Rascor.Tests.Integration\StockManagement\StocktakeTests.cs:line 476
   at Rascor.Tests.Integration.StockManagement.StocktakeTests.CompleteStocktake_AllLinesCounted_ChangesStatusToCompleted() in C:\WORK\Contracts - RASCORE\Applications\rascor-management\tests\Rascor.Tests.Integration\StockManagement\StocktakeTests.cs:line 259
--- End of stack trace from previous location ---
  Failed Rascor.Tests.Integration.StockManagement.StockTransactionTests.GetStockTransactionsByProduct_ReturnsFilteredResults [22 ms]
  Error Message:
   System.Net.Http.HttpRequestException : Response status code does not indicate success: 400 (Bad Request).
  Stack Trace:
     at System.Net.Http.HttpResponseMessage.EnsureSuccessStatusCode()
   at Rascor.Tests.Integration.StockManagement.StockTransactionTests.CreateStockTransactionAsync(Nullable`1 productId) in C:\WORK\Contracts - RASCORE\Applications\rascor-management\tests\Rascor.Tests.Integration\StockManagement\StockTransactionTests.cs:line 351
   at Rascor.Tests.Integration.StockManagement.StockTransactionTests.GetStockTransactionsByProduct_ReturnsFilteredResults() in C:\WORK\Contracts - RASCORE\Applications\rascor-management\tests\Rascor.Tests.Integration\StockManagement\StockTransactionTests.cs:line 78
--- End of stack trace from previous location ---
  Failed Rascor.Tests.Integration.StockManagement.StockTransactionTests.CreateStockTransaction_ValidData_ReturnsCreated [13 ms]
  Error Message:
   Expected response.StatusCode to be HttpStatusCode.Created {value: 201}, but found HttpStatusCode.BadRequest {value: 400}.
  Stack Trace:
     at FluentAssertions.Execution.XUnit2TestFramework.Throw(String message)
   at FluentAssertions.Execution.TestFrameworkProvider.Throw(String message)
   at FluentAssertions.Execution.DefaultAssertionStrategy.HandleFailure(String message)
   at FluentAssertions.Execution.AssertionScope.FailWith(Func`1 failReasonFunc)
   at FluentAssertions.Execution.AssertionScope.FailWith(Func`1 failReasonFunc)
   at FluentAssertions.Execution.AssertionScope.FailWith(String message, Object[] args)
   at FluentAssertions.Primitives.EnumAssertions`2.Be(TEnum expected, String because, Object[] becauseArgs)
   at Rascor.Tests.Integration.StockManagement.StockTransactionTests.CreateStockTransaction_ValidData_ReturnsCreated() in C:\WORK\Contracts - RASCORE\Applications\rascor-management\tests\Rascor.Tests.Integration\StockManagement\StockTransactionTests.cs:line 172
--- End of stack trace from previous location ---
[xUnit.net 00:00:17.56]     Rascor.Tests.Integration.StockManagement.StockTransactionTests.CreateStockTransaction_ReceiptType_ReturnsCreated [FAIL]
[xUnit.net 00:00:17.57]     Rascor.Tests.Integration.StockManagement.StockTransactionTests.CreateStockTransaction_TransferType_ReturnsCreated [FAIL]
[xUnit.net 00:00:17.60]     Rascor.Tests.Integration.StockManagement.StockTransactionTests.GetStockTransactionById_ExistingTransaction_ReturnsTransaction [FAIL]
  Failed Rascor.Tests.Integration.StockManagement.StockTransactionTests.CreateStockTransaction_ReceiptType_ReturnsCreated [4 ms]
  Error Message:
   Expected response.StatusCode to be HttpStatusCode.Created {value: 201}, but found HttpStatusCode.BadRequest {value: 400}.
  Stack Trace:
     at FluentAssertions.Execution.XUnit2TestFramework.Throw(String message)
   at FluentAssertions.Execution.TestFrameworkProvider.Throw(String message)
   at FluentAssertions.Execution.DefaultAssertionStrategy.HandleFailure(String message)
   at FluentAssertions.Execution.AssertionScope.FailWith(Func`1 failReasonFunc)
   at FluentAssertions.Execution.AssertionScope.FailWith(Func`1 failReasonFunc)
   at FluentAssertions.Execution.AssertionScope.FailWith(String message, Object[] args)
   at FluentAssertions.Primitives.EnumAssertions`2.Be(TEnum expected, String because, Object[] becauseArgs)
   at Rascor.Tests.Integration.StockManagement.StockTransactionTests.CreateStockTransaction_ReceiptType_ReturnsCreated() in C:\WORK\Contracts - RASCORE\Applications\rascor-management\tests\Rascor.Tests.Integration\StockManagement\StockTransactionTests.cs:line 199
--- End of stack trace from previous location ---
  Failed Rascor.Tests.Integration.StockManagement.StockTransactionTests.CreateStockTransaction_TransferType_ReturnsCreated [7 ms]
  Error Message:
   Expected response.StatusCode to be HttpStatusCode.Created {value: 201}, but found HttpStatusCode.BadRequest {value: 400}.
  Stack Trace:
     at FluentAssertions.Execution.XUnit2TestFramework.Throw(String message)
   at FluentAssertions.Execution.TestFrameworkProvider.Throw(String message)
   at FluentAssertions.Execution.DefaultAssertionStrategy.HandleFailure(String message)
   at FluentAssertions.Execution.AssertionScope.FailWith(Func`1 failReasonFunc)
   at FluentAssertions.Execution.AssertionScope.FailWith(Func`1 failReasonFunc)
   at FluentAssertions.Execution.AssertionScope.FailWith(String message, Object[] args)
   at FluentAssertions.Primitives.EnumAssertions`2.Be(TEnum expected, String because, Object[] becauseArgs)
   at Rascor.Tests.Integration.StockManagement.StockTransactionTests.CreateStockTransaction_TransferType_ReturnsCreated() in C:\WORK\Contracts - RASCORE\Applications\rascor-management\tests\Rascor.Tests.Integration\StockManagement\StockTransactionTests.cs:line 249
--- End of stack trace from previous location ---
  Failed Rascor.Tests.Integration.StockManagement.StockTransactionTests.GetStockTransactionById_ExistingTransaction_ReturnsTransaction [4 ms]
  Error Message:
   System.Net.Http.HttpRequestException : Response status code does not indicate success: 400 (Bad Request).
  Stack Trace:
     at System.Net.Http.HttpResponseMessage.EnsureSuccessStatusCode()
   at Rascor.Tests.Integration.StockManagement.StockTransactionTests.CreateStockTransactionAsync(Nullable`1 productId) in C:\WORK\Contracts - RASCORE\Applications\rascor-management\tests\Rascor.Tests.Integration\StockManagement\StockTransactionTests.cs:line 351
   at Rascor.Tests.Integration.StockManagement.StockTransactionTests.GetStockTransactionById_ExistingTransaction_ReturnsTransaction() in C:\WORK\Contracts - RASCORE\Applications\rascor-management\tests\Rascor.Tests.Integration\StockManagement\StockTransactionTests.cs:line 34
--- End of stack trace from previous location ---
[xUnit.net 00:00:17.65]     Rascor.Tests.Integration.StockManagement.StockTransactionTests.CreateStockTransaction_AllValidTypes_ReturnsCreated [FAIL]
[xUnit.net 00:00:17.65]     Rascor.Tests.Integration.StockManagement.StockTransactionTests.CreateStockTransaction_IssueType_ReturnsCreated [FAIL]
[xUnit.net 00:00:17.66]     Rascor.Tests.Integration.StockManagement.StockTransactionTests.DeleteStockTransaction_ExistingTransaction_ReturnsNoContent [FAIL]
  Failed Rascor.Tests.Integration.StockManagement.StockTransactionTests.CreateStockTransaction_AllValidTypes_ReturnsCreated [4 ms]
  Error Message:
   Expected response.StatusCode to be HttpStatusCode.Created {value: 201} because Transaction type 'Receipt' should create successfully, but found HttpStatusCode.BadRequest {value: 400}.
  Stack Trace:
     at FluentAssertions.Execution.XUnit2TestFramework.Throw(String message)
   at FluentAssertions.Execution.TestFrameworkProvider.Throw(String message)
   at FluentAssertions.Execution.DefaultAssertionStrategy.HandleFailure(String message)
   at FluentAssertions.Execution.AssertionScope.FailWith(Func`1 failReasonFunc)
   at FluentAssertions.Execution.AssertionScope.FailWith(Func`1 failReasonFunc)
   at FluentAssertions.Execution.AssertionScope.FailWith(String message, Object[] args)
   at FluentAssertions.Primitives.EnumAssertions`2.Be(TEnum expected, String because, Object[] becauseArgs)
   at Rascor.Tests.Integration.StockManagement.StockTransactionTests.CreateStockTransaction_AllValidTypes_ReturnsCreated() in C:\WORK\Contracts - RASCORE\Applications\rascor-management\tests\Rascor.Tests.Integration\StockManagement\StockTransactionTests.cs:line 330
--- End of stack trace from previous location ---
  Failed Rascor.Tests.Integration.StockManagement.StockTransactionTests.CreateStockTransaction_IssueType_ReturnsCreated [5 ms]
  Error Message:
   Expected response.StatusCode to be HttpStatusCode.Created {value: 201}, but found HttpStatusCode.BadRequest {value: 400}.
  Stack Trace:
     at FluentAssertions.Execution.XUnit2TestFramework.Throw(String message)
   at FluentAssertions.Execution.TestFrameworkProvider.Throw(String message)
   at FluentAssertions.Execution.DefaultAssertionStrategy.HandleFailure(String message)
   at FluentAssertions.Execution.AssertionScope.FailWith(Func`1 failReasonFunc)
   at FluentAssertions.Execution.AssertionScope.FailWith(Func`1 failReasonFunc)
   at FluentAssertions.Execution.AssertionScope.FailWith(String message, Object[] args)
   at FluentAssertions.Primitives.EnumAssertions`2.Be(TEnum expected, String because, Object[] becauseArgs)
   at Rascor.Tests.Integration.StockManagement.StockTransactionTests.CreateStockTransaction_IssueType_ReturnsCreated() in C:\WORK\Contracts - RASCORE\Applications\rascor-management\tests\Rascor.Tests.Integration\StockManagement\StockTransactionTests.cs:line 223
--- End of stack trace from previous location ---
  Failed Rascor.Tests.Integration.StockManagement.StockTransactionTests.DeleteStockTransaction_ExistingTransaction_ReturnsNoContent [4 ms]
  Error Message:
   System.Net.Http.HttpRequestException : Response status code does not indicate success: 400 (Bad Request).
  Stack Trace:
     at System.Net.Http.HttpResponseMessage.EnsureSuccessStatusCode()
   at Rascor.Tests.Integration.StockManagement.StockTransactionTests.CreateStockTransactionAsync(Nullable`1 productId) in C:\WORK\Contracts - RASCORE\Applications\rascor-management\tests\Rascor.Tests.Integration\StockManagement\StockTransactionTests.cs:line 351
   at Rascor.Tests.Integration.StockManagement.StockTransactionTests.DeleteStockTransaction_ExistingTransaction_ReturnsNoContent() in C:\WORK\Contracts - RASCORE\Applications\rascor-management\tests\Rascor.Tests.Integration\StockManagement\StockTransactionTests.cs:line 281
--- End of stack trace from previous location ---
[xUnit.net 00:00:18.36]     Rascor.Tests.Integration.Proposals.ConvertToStockOrderTests.PreviewConversion_WonProposal_ReturnsPreview [FAIL]
[xUnit.net 00:00:18.43]     Rascor.Tests.Integration.Proposals.ConvertToStockOrderTests.CanConvert_DraftProposal_ReturnsFalse [FAIL]
[xUnit.net 00:00:18.60]     Rascor.Tests.Integration.Proposals.ConvertToStockOrderTests.ConvertToStockOrders_SelectedSectionsMode_ConvertsOnlySelectedSections [FAIL]
[xUnit.net 00:00:18.72]     Rascor.Tests.Integration.Proposals.ConvertToStockOrderTests.CanConvert_LostProposal_ReturnsFalse [FAIL]
[xUnit.net 00:00:18.81]     Rascor.Tests.Integration.Proposals.ConvertToStockOrderTests.ConvertToStockOrders_CreatedOrderHasCorrectItems [FAIL]
[xUnit.net 00:00:18.92]     Rascor.Tests.Integration.Proposals.ConvertToStockOrderTests.CanConvert_ApprovedProposal_ReturnsFalse [FAIL]
  Failed Rascor.Tests.Integration.Proposals.ConvertToStockOrderTests.PreviewConversion_WonProposal_ReturnsPreview [122 ms]
  Error Message:
   Expected response.StatusCode to be HttpStatusCode.OK {value: 200}, but found HttpStatusCode.BadRequest {value: 400}.
  Stack Trace:
     at FluentAssertions.Execution.XUnit2TestFramework.Throw(String message)
   at FluentAssertions.Execution.TestFrameworkProvider.Throw(String message)
   at FluentAssertions.Execution.DefaultAssertionStrategy.HandleFailure(String message)
   at FluentAssertions.Execution.AssertionScope.FailWith(Func`1 failReasonFunc)
   at FluentAssertions.Execution.AssertionScope.FailWith(Func`1 failReasonFunc)
   at FluentAssertions.Execution.AssertionScope.FailWith(String message, Object[] args)
   at FluentAssertions.Primitives.EnumAssertions`2.Be(TEnum expected, String because, Object[] becauseArgs)
   at Rascor.Tests.Integration.Proposals.ConvertToStockOrderTests.PreviewConversion_WonProposal_ReturnsPreview() in C:\WORK\Contracts - RASCORE\Applications\rascor-management\tests\Rascor.Tests.Integration\Proposals\ConvertToStockOrderTests.cs:line 109
--- End of stack trace from previous location ---
  Failed Rascor.Tests.Integration.Proposals.ConvertToStockOrderTests.CanConvert_DraftProposal_ReturnsFalse [71 ms]
  Error Message:
   System.Text.Json.JsonException : The JSON value could not be converted to Rascor.Tests.Integration.Proposals.ConvertToStockOrderTests+CanConvertResult. Path: $ | LineNumber: 0 | BytePositionInLine: 5.
  Stack Trace:
     at System.Text.Json.ThrowHelper.ThrowJsonException_DeserializeUnableToConvertValue(Type propertyType)
   at System.Text.Json.Serialization.Converters.ObjectWithParameterizedConstructorConverter`1.OnTryRead(Utf8JsonReader& reader, Type typeToConvert, JsonSerializerOptions options, ReadStack& state, T& value)
   at System.Text.Json.Serialization.JsonConverter`1.TryRead(Utf8JsonReader& reader, Type typeToConvert, JsonSerializerOptions options, ReadStack& state, T& value, Boolean& isPopulatedValue)
   at System.Text.Json.Serialization.JsonConverter`1.ReadCore(Utf8JsonReader& reader, T& value, JsonSerializerOptions options, ReadStack& state)
   at System.Text.Json.Serialization.Metadata.JsonTypeInfo`1.ContinueDeserialize(ReadBufferState& bufferState, JsonReaderState& jsonReaderState, ReadStack& readStack, T& value)
   at System.Text.Json.Serialization.Metadata.JsonTypeInfo`1.DeserializeAsync(Stream utf8Json, CancellationToken cancellationToken)
   at System.Net.Http.Json.HttpContentJsonExtensions.ReadFromJsonAsyncCore[T](HttpContent content, JsonSerializerOptions options, CancellationToken cancellationToken)
   at Rascor.Tests.Integration.Proposals.ConvertToStockOrderTests.CanConvert_DraftProposal_ReturnsFalse() in C:\WORK\Contracts - RASCORE\Applications\rascor-management\tests\Rascor.Tests.Integration\Proposals\ConvertToStockOrderTests.cs:line 40
--- End of stack trace from previous location ---
  Failed Rascor.Tests.Integration.Proposals.ConvertToStockOrderTests.ConvertToStockOrders_SelectedSectionsMode_ConvertsOnlySelectedSections [171 ms]
  Error Message:
   Expected response.StatusCode to be HttpStatusCode.OK {value: 200}, but found HttpStatusCode.BadRequest {value: 400}.
  Stack Trace:
     at FluentAssertions.Execution.XUnit2TestFramework.Throw(String message)
   at FluentAssertions.Execution.TestFrameworkProvider.Throw(String message)
   at FluentAssertions.Execution.DefaultAssertionStrategy.HandleFailure(String message)
   at FluentAssertions.Execution.AssertionScope.FailWith(Func`1 failReasonFunc)
   at FluentAssertions.Execution.AssertionScope.FailWith(Func`1 failReasonFunc)
   at FluentAssertions.Execution.AssertionScope.FailWith(String message, Object[] args)
   at FluentAssertions.Primitives.EnumAssertions`2.Be(TEnum expected, String because, Object[] becauseArgs)
   at Rascor.Tests.Integration.Proposals.ConvertToStockOrderTests.ConvertToStockOrders_SelectedSectionsMode_ConvertsOnlySelectedSections() in C:\WORK\Contracts - RASCORE\Applications\rascor-management\tests\Rascor.Tests.Integration\Proposals\ConvertToStockOrderTests.cs:line 318
--- End of stack trace from previous location ---
  Failed Rascor.Tests.Integration.Proposals.ConvertToStockOrderTests.CanConvert_LostProposal_ReturnsFalse [114 ms]
  Error Message:
   System.Text.Json.JsonException : The JSON value could not be converted to Rascor.Tests.Integration.Proposals.ConvertToStockOrderTests+CanConvertResult. Path: $ | LineNumber: 0 | BytePositionInLine: 5.
  Stack Trace:
     at System.Text.Json.ThrowHelper.ThrowJsonException_DeserializeUnableToConvertValue(Type propertyType)
   at System.Text.Json.Serialization.Converters.ObjectWithParameterizedConstructorConverter`1.OnTryRead(Utf8JsonReader& reader, Type typeToConvert, JsonSerializerOptions options, ReadStack& state, T& value)
   at System.Text.Json.Serialization.JsonConverter`1.TryRead(Utf8JsonReader& reader, Type typeToConvert, JsonSerializerOptions options, ReadStack& state, T& value, Boolean& isPopulatedValue)
   at System.Text.Json.Serialization.JsonConverter`1.ReadCore(Utf8JsonReader& reader, T& value, JsonSerializerOptions options, ReadStack& state)
   at System.Text.Json.Serialization.Metadata.JsonTypeInfo`1.ContinueDeserialize(ReadBufferState& bufferState, JsonReaderState& jsonReaderState, ReadStack& readStack, T& value)
   at System.Text.Json.Serialization.Metadata.JsonTypeInfo`1.DeserializeAsync(Stream utf8Json, CancellationToken cancellationToken)
   at System.Net.Http.Json.HttpContentJsonExtensions.ReadFromJsonAsyncCore[T](HttpContent content, JsonSerializerOptions options, CancellationToken cancellationToken)
   at Rascor.Tests.Integration.Proposals.ConvertToStockOrderTests.CanConvert_LostProposal_ReturnsFalse() in C:\WORK\Contracts - RASCORE\Applications\rascor-management\tests\Rascor.Tests.Integration\Proposals\ConvertToStockOrderTests.cs:line 78
--- End of stack trace from previous location ---
  Failed Rascor.Tests.Integration.Proposals.ConvertToStockOrderTests.ConvertToStockOrders_CreatedOrderHasCorrectItems [89 ms]
  Error Message:
   System.ArgumentNullException : Value cannot be null. (Parameter 'source')
  Stack Trace:
     at System.Linq.ThrowHelper.ThrowArgumentNullException(ExceptionArgument argument)
   at System.Linq.Enumerable.TryGetFirst[TSource](IEnumerable`1 source, Boolean& found)
   at System.Linq.Enumerable.First[TSource](IEnumerable`1 source)
   at Rascor.Tests.Integration.Proposals.ConvertToStockOrderTests.ConvertToStockOrders_CreatedOrderHasCorrectItems() in C:\WORK\Contracts - RASCORE\Applications\rascor-management\tests\Rascor.Tests.Integration\Proposals\ConvertToStockOrderTests.cs:line 213
--- End of stack trace from previous location ---
  Failed Rascor.Tests.Integration.Proposals.ConvertToStockOrderTests.CanConvert_ApprovedProposal_ReturnsFalse [114 ms]
  Error Message:
   System.Text.Json.JsonException : The JSON value could not be converted to Rascor.Tests.Integration.Proposals.ConvertToStockOrderTests+CanConvertResult. Path: $ | LineNumber: 0 | BytePositionInLine: 5.
  Stack Trace:
     at System.Text.Json.ThrowHelper.ThrowJsonException_DeserializeUnableToConvertValue(Type propertyType)
   at System.Text.Json.Serialization.Converters.ObjectWithParameterizedConstructorConverter`1.OnTryRead(Utf8JsonReader& reader, Type typeToConvert, JsonSerializerOptions options, ReadStack& state, T& value)
   at System.Text.Json.Serialization.JsonConverter`1.TryRead(Utf8JsonReader& reader, Type typeToConvert, JsonSerializerOptions options, ReadStack& state, T& value, Boolean& isPopulatedValue)
   at System.Text.Json.Serialization.JsonConverter`1.ReadCore(Utf8JsonReader& reader, T& value, JsonSerializerOptions options, ReadStack& state)
   at System.Text.Json.Serialization.Metadata.JsonTypeInfo`1.ContinueDeserialize(ReadBufferState& bufferState, JsonReaderState& jsonReaderState, ReadStack& readStack, T& value)
   at System.Text.Json.Serialization.Metadata.JsonTypeInfo`1.DeserializeAsync(Stream utf8Json, CancellationToken cancellationToken)
   at System.Net.Http.Json.HttpContentJsonExtensions.ReadFromJsonAsyncCore[T](HttpContent content, JsonSerializerOptions options, CancellationToken cancellationToken)
   at Rascor.Tests.Integration.Proposals.ConvertToStockOrderTests.CanConvert_ApprovedProposal_ReturnsFalse() in C:\WORK\Contracts - RASCORE\Applications\rascor-management\tests\Rascor.Tests.Integration\Proposals\ConvertToStockOrderTests.cs:line 59
--- End of stack trace from previous location ---
[xUnit.net 00:00:19.18]     Rascor.Tests.Integration.Proposals.ConvertToStockOrderTests.ConvertToStockOrders_SelectedItemsMode_ConvertsOnlySelectedItems [FAIL]
[xUnit.net 00:00:19.37]     Rascor.Tests.Integration.Proposals.ConvertToStockOrderTests.CanConvert_WonProposal_ReturnsTrue [FAIL]
[xUnit.net 00:00:19.47]     Rascor.Tests.Integration.Proposals.ConvertToStockOrderTests.ConvertToStockOrders_WonProposal_CreatesStockOrder [FAIL]
[xUnit.net 00:00:19.60]     Rascor.Tests.Integration.Proposals.ConvertToStockOrderTests.PreviewConversion_AllItemsMode_IncludesAllLineItems [FAIL]
[xUnit.net 00:00:19.79]     Rascor.Tests.Integration.Proposals.ConvertToStockOrderTests.FullConversionWorkflow_ProposalToStockOrder_CompletesSuccessfully [FAIL]
  Failed Rascor.Tests.Integration.Proposals.ConvertToStockOrderTests.ConvertToStockOrders_SelectedItemsMode_ConvertsOnlySelectedItems [138 ms]
  Error Message:
   Expected response.StatusCode to be HttpStatusCode.OK {value: 200}, but found HttpStatusCode.BadRequest {value: 400}.
  Stack Trace:
     at FluentAssertions.Execution.XUnit2TestFramework.Throw(String message)
   at FluentAssertions.Execution.TestFrameworkProvider.Throw(String message)
   at FluentAssertions.Execution.DefaultAssertionStrategy.HandleFailure(String message)
   at FluentAssertions.Execution.AssertionScope.FailWith(Func`1 failReasonFunc)
   at FluentAssertions.Execution.AssertionScope.FailWith(Func`1 failReasonFunc)
   at FluentAssertions.Execution.AssertionScope.FailWith(String message, Object[] args)
   at FluentAssertions.Primitives.EnumAssertions`2.Be(TEnum expected, String because, Object[] becauseArgs)
   at Rascor.Tests.Integration.Proposals.ConvertToStockOrderTests.ConvertToStockOrders_SelectedItemsMode_ConvertsOnlySelectedItems() in C:\WORK\Contracts - RASCORE\Applications\rascor-management\tests\Rascor.Tests.Integration\Proposals\ConvertToStockOrderTests.cs:line 351
--- End of stack trace from previous location ---
  Failed Rascor.Tests.Integration.Proposals.ConvertToStockOrderTests.CanConvert_WonProposal_ReturnsTrue [114 ms]
  Error Message:
   System.Text.Json.JsonException : The JSON value could not be converted to Rascor.Tests.Integration.Proposals.ConvertToStockOrderTests+CanConvertResult. Path: $ | LineNumber: 0 | BytePositionInLine: 4.
  Stack Trace:
     at System.Text.Json.ThrowHelper.ThrowJsonException_DeserializeUnableToConvertValue(Type propertyType)
   at System.Text.Json.Serialization.Converters.ObjectWithParameterizedConstructorConverter`1.OnTryRead(Utf8JsonReader& reader, Type typeToConvert, JsonSerializerOptions options, ReadStack& state, T& value)
   at System.Text.Json.Serialization.JsonConverter`1.TryRead(Utf8JsonReader& reader, Type typeToConvert, JsonSerializerOptions options, ReadStack& state, T& value, Boolean& isPopulatedValue)
   at System.Text.Json.Serialization.JsonConverter`1.ReadCore(Utf8JsonReader& reader, T& value, JsonSerializerOptions options, ReadStack& state)
   at System.Text.Json.Serialization.Metadata.JsonTypeInfo`1.ContinueDeserialize(ReadBufferState& bufferState, JsonReaderState& jsonReaderState, ReadStack& readStack, T& value)
   at System.Text.Json.Serialization.Metadata.JsonTypeInfo`1.DeserializeAsync(Stream utf8Json, CancellationToken cancellationToken)
   at System.Net.Http.Json.HttpContentJsonExtensions.ReadFromJsonAsyncCore[T](HttpContent content, JsonSerializerOptions options, CancellationToken cancellationToken)
   at Rascor.Tests.Integration.Proposals.ConvertToStockOrderTests.CanConvert_WonProposal_ReturnsTrue() in C:\WORK\Contracts - RASCORE\Applications\rascor-management\tests\Rascor.Tests.Integration\Proposals\ConvertToStockOrderTests.cs:line 24
--- End of stack trace from previous location ---
  Failed Rascor.Tests.Integration.Proposals.ConvertToStockOrderTests.ConvertToStockOrders_WonProposal_CreatesStockOrder [100 ms]
  Error Message:
   Expected response.StatusCode to be HttpStatusCode.OK {value: 200}, but found HttpStatusCode.BadRequest {value: 400}.
  Stack Trace:
     at FluentAssertions.Execution.XUnit2TestFramework.Throw(String message)
   at FluentAssertions.Execution.TestFrameworkProvider.Throw(String message)
   at FluentAssertions.Execution.DefaultAssertionStrategy.HandleFailure(String message)
   at FluentAssertions.Execution.AssertionScope.FailWith(Func`1 failReasonFunc)
   at FluentAssertions.Execution.AssertionScope.FailWith(Func`1 failReasonFunc)
   at FluentAssertions.Execution.AssertionScope.FailWith(String message, Object[] args)
   at FluentAssertions.Primitives.EnumAssertions`2.Be(TEnum expected, String because, Object[] becauseArgs)
   at Rascor.Tests.Integration.Proposals.ConvertToStockOrderTests.ConvertToStockOrders_WonProposal_CreatesStockOrder() in C:\WORK\Contracts - RASCORE\Applications\rascor-management\tests\Rascor.Tests.Integration\Proposals\ConvertToStockOrderTests.cs:line 164
--- End of stack trace from previous location ---
  Failed Rascor.Tests.Integration.Proposals.ConvertToStockOrderTests.PreviewConversion_AllItemsMode_IncludesAllLineItems [127 ms]
  Error Message:
   Expected response.StatusCode to be HttpStatusCode.OK {value: 200}, but found HttpStatusCode.BadRequest {value: 400}.
  Stack Trace:
     at FluentAssertions.Execution.XUnit2TestFramework.Throw(String message)
   at FluentAssertions.Execution.TestFrameworkProvider.Throw(String message)
   at FluentAssertions.Execution.DefaultAssertionStrategy.HandleFailure(String message)
   at FluentAssertions.Execution.AssertionScope.FailWith(Func`1 failReasonFunc)
   at FluentAssertions.Execution.AssertionScope.FailWith(Func`1 failReasonFunc)
   at FluentAssertions.Execution.AssertionScope.FailWith(String message, Object[] args)
   at FluentAssertions.Primitives.EnumAssertions`2.Be(TEnum expected, String because, Object[] becauseArgs)
   at Rascor.Tests.Integration.Proposals.ConvertToStockOrderTests.PreviewConversion_AllItemsMode_IncludesAllLineItems() in C:\WORK\Contracts - RASCORE\Applications\rascor-management\tests\Rascor.Tests.Integration\Proposals\ConvertToStockOrderTests.cs:line 134
--- End of stack trace from previous location ---
  Failed Rascor.Tests.Integration.Proposals.ConvertToStockOrderTests.FullConversionWorkflow_ProposalToStockOrder_CompletesSuccessfully [100 ms]
  Error Message:
   System.Text.Json.JsonException : The JSON value could not be converted to Rascor.Tests.Integration.Proposals.ConvertToStockOrderTests+CanConvertResult. Path: $ | LineNumber: 0 | BytePositionInLine: 4.
  Stack Trace:
     at System.Text.Json.ThrowHelper.ThrowJsonException_DeserializeUnableToConvertValue(Type propertyType)
   at System.Text.Json.Serialization.Converters.ObjectWithParameterizedConstructorConverter`1.OnTryRead(Utf8JsonReader& reader, Type typeToConvert, JsonSerializerOptions options, ReadStack& state, T& value)
   at System.Text.Json.Serialization.JsonConverter`1.TryRead(Utf8JsonReader& reader, Type typeToConvert, JsonSerializerOptions options, ReadStack& state, T& value, Boolean& isPopulatedValue)
   at System.Text.Json.Serialization.JsonConverter`1.ReadCore(Utf8JsonReader& reader, T& value, JsonSerializerOptions options, ReadStack& state)
   at System.Text.Json.Serialization.Metadata.JsonTypeInfo`1.ContinueDeserialize(ReadBufferState& bufferState, JsonReaderState& jsonReaderState, ReadStack& readStack, T& value)
   at System.Text.Json.Serialization.Metadata.JsonTypeInfo`1.DeserializeAsync(Stream utf8Json, CancellationToken cancellationToken)
   at System.Net.Http.Json.HttpContentJsonExtensions.ReadFromJsonAsyncCore[T](HttpContent content, JsonSerializerOptions options, CancellationToken cancellationToken)
   at Rascor.Tests.Integration.Proposals.ConvertToStockOrderTests.FullConversionWorkflow_ProposalToStockOrder_CompletesSuccessfully() in C:\WORK\Contracts - RASCORE\Applications\rascor-management\tests\Rascor.Tests.Integration\Proposals\ConvertToStockOrderTests.cs:line 378
--- End of stack trace from previous location ---
[xUnit.net 00:00:20.71]     Rascor.Tests.Integration.Proposals.ProposalCrudTests.UpdateProposal_NonDraftStatus_ReturnsBadRequest [FAIL]
  Failed Rascor.Tests.Integration.Proposals.ProposalCrudTests.UpdateProposal_NonDraftStatus_ReturnsBadRequest [35 ms]
  Error Message:
   Expected response.StatusCode to be HttpStatusCode.BadRequest {value: 400}, but found HttpStatusCode.OK {value: 200}.
  Stack Trace:
     at FluentAssertions.Execution.XUnit2TestFramework.Throw(String message)
   at FluentAssertions.Execution.TestFrameworkProvider.Throw(String message)
   at FluentAssertions.Execution.DefaultAssertionStrategy.HandleFailure(String message)
   at FluentAssertions.Execution.AssertionScope.FailWith(Func`1 failReasonFunc)
   at FluentAssertions.Execution.AssertionScope.FailWith(Func`1 failReasonFunc)
   at FluentAssertions.Execution.AssertionScope.FailWith(String message, Object[] args)
   at FluentAssertions.Primitives.EnumAssertions`2.Be(TEnum expected, String because, Object[] becauseArgs)
   at Rascor.Tests.Integration.Proposals.ProposalCrudTests.UpdateProposal_NonDraftStatus_ReturnsBadRequest() in C:\WORK\Contracts - RASCORE\Applications\rascor-management\tests\Rascor.Tests.Integration\Proposals\ProposalCrudTests.cs:line 260
--- End of stack trace from previous location ---
[xUnit.net 00:00:23.44]     Rascor.Tests.Integration.Proposals.ProposalReportsTests.GetMonthlyTrends_DefaultReturns12Months [FAIL]
[xUnit.net 00:00:23.50]     Rascor.Tests.Integration.Proposals.ProposalReportsTests.GetByStatusReport_ReturnsCountsByStatus [FAIL]
  Failed Rascor.Tests.Integration.Proposals.ProposalReportsTests.GetMonthlyTrends_DefaultReturns12Months [30 ms]
  Error Message:
   System.NullReferenceException : Object reference not set to an instance of an object.
  Stack Trace:
     at Rascor.Tests.Integration.Proposals.ProposalReportsTests.GetMonthlyTrends_DefaultReturns12Months() in C:\WORK\Contracts - RASCORE\Applications\rascor-management\tests\Rascor.Tests.Integration\Proposals\ProposalReportsTests.cs:line 301
--- End of stack trace from previous location ---
  Failed Rascor.Tests.Integration.Proposals.ProposalReportsTests.GetByStatusReport_ReturnsCountsByStatus [18 ms]
  Error Message:
   Expected result.Data!.StatusCounts not to be <null>.
  Stack Trace:
     at FluentAssertions.Execution.XUnit2TestFramework.Throw(String message)
   at FluentAssertions.Execution.TestFrameworkProvider.Throw(String message)
   at FluentAssertions.Execution.DefaultAssertionStrategy.HandleFailure(String message)
   at FluentAssertions.Execution.AssertionScope.FailWith(Func`1 failReasonFunc)
   at FluentAssertions.Execution.AssertionScope.FailWith(Func`1 failReasonFunc)
   at FluentAssertions.Execution.AssertionScope.FailWith(String message)
   at FluentAssertions.Primitives.ReferenceTypeAssertions`2.NotBeNull(String because, Object[] becauseArgs)
   at Rascor.Tests.Integration.Proposals.ProposalReportsTests.GetByStatusReport_ReturnsCountsByStatus() in C:\WORK\Contracts - RASCORE\Applications\rascor-management\tests\Rascor.Tests.Integration\Proposals\ProposalReportsTests.cs:line 134
--- End of stack trace from previous location ---
[xUnit.net 00:00:23.52]     Rascor.Tests.Integration.Proposals.ProposalReportsTests.GetMonthlyTrends_ReturnsMonthlyData [FAIL]
[xUnit.net 00:00:23.53]     Rascor.Tests.Integration.Proposals.ProposalReportsTests.GetMonthlyTrends_WithCustomMonths_ReturnsRequestedPeriod [FAIL]
[xUnit.net 00:00:23.55]     Rascor.Tests.Integration.Proposals.ProposalReportsTests.GetMonthlyTrends_IncludesSubmittedAndWonCounts [FAIL]
  Failed Rascor.Tests.Integration.Proposals.ProposalReportsTests.GetMonthlyTrends_ReturnsMonthlyData [9 ms]
  Error Message:
   Expected result.Data!.Months not to be <null>.
  Stack Trace:
     at FluentAssertions.Execution.XUnit2TestFramework.Throw(String message)
   at FluentAssertions.Execution.TestFrameworkProvider.Throw(String message)
   at FluentAssertions.Execution.DefaultAssertionStrategy.HandleFailure(String message)
   at FluentAssertions.Execution.AssertionScope.FailWith(Func`1 failReasonFunc)
   at FluentAssertions.Execution.AssertionScope.FailWith(Func`1 failReasonFunc)
   at FluentAssertions.Execution.AssertionScope.FailWith(String message)
   at FluentAssertions.Primitives.ReferenceTypeAssertions`2.NotBeNull(String because, Object[] becauseArgs)
   at Rascor.Tests.Integration.Proposals.ProposalReportsTests.GetMonthlyTrends_ReturnsMonthlyData() in C:\WORK\Contracts - RASCORE\Applications\rascor-management\tests\Rascor.Tests.Integration\Proposals\ProposalReportsTests.cs:line 289
--- End of stack trace from previous location ---
  Failed Rascor.Tests.Integration.Proposals.ProposalReportsTests.GetMonthlyTrends_WithCustomMonths_ReturnsRequestedPeriod [7 ms]
  Error Message:
   System.NullReferenceException : Object reference not set to an instance of an object.
  Stack Trace:
     at Rascor.Tests.Integration.Proposals.ProposalReportsTests.GetMonthlyTrends_WithCustomMonths_ReturnsRequestedPeriod() in C:\WORK\Contracts - RASCORE\Applications\rascor-management\tests\Rascor.Tests.Integration\Proposals\ProposalReportsTests.cs:line 313
--- End of stack trace from previous location ---
  Failed Rascor.Tests.Integration.Proposals.ProposalReportsTests.GetMonthlyTrends_IncludesSubmittedAndWonCounts [5 ms]
  Error Message:
   System.ArgumentNullException : Value cannot be null. (Parameter 'source')
  Stack Trace:
     at System.Linq.ThrowHelper.ThrowArgumentNullException(ExceptionArgument argument)
   at System.Linq.Enumerable.Any[TSource](IEnumerable`1 source)
   at Rascor.Tests.Integration.Proposals.ProposalReportsTests.GetMonthlyTrends_IncludesSubmittedAndWonCounts() in C:\WORK\Contracts - RASCORE\Applications\rascor-management\tests\Rascor.Tests.Integration\Proposals\ProposalReportsTests.cs:line 325
--- End of stack trace from previous location ---

Failed!  - Failed:    79, Passed:   461, Skipped:     0, Total:   540, Duration: 20 s - Rascor.Tests.Integration.dll (net9.0)

Workload updates are available. Run `dotnet workload list` for more information.
